Component: ARM Compiler 5.06 update 6 (build 750) Tool: armlink [4d35ed]

==============================================================================

Section Cross References

    startup_stm32f030x8.o(STACK) refers (Special) to heapauxi.o(.text) for __use_two_region_memory
    startup_stm32f030x8.o(HEAP) refers (Special) to heapauxi.o(.text) for __use_two_region_memory
    startup_stm32f030x8.o(RESET) refers (Special) to heapauxi.o(.text) for __use_two_region_memory
    startup_stm32f030x8.o(RESET) refers to startup_stm32f030x8.o(STACK) for __initial_sp
    startup_stm32f030x8.o(RESET) refers to startup_stm32f030x8.o(.text) for Reset_Handler
    startup_stm32f030x8.o(RESET) refers to stm32f0xx_it.o(i.NMI_Handler) for NMI_Handler
    startup_stm32f030x8.o(RESET) refers to stm32f0xx_it.o(i.HardFault_Handler) for HardFault_Handler
    startup_stm32f030x8.o(RESET) refers to stm32f0xx_it.o(i.SVC_Handler) for SVC_Handler
    startup_stm32f030x8.o(RESET) refers to stm32f0xx_it.o(i.PendSV_Handler) for PendSV_Handler
    startup_stm32f030x8.o(RESET) refers to stm32f0xx_it.o(i.SysTick_Handler) for SysTick_Handler
    startup_stm32f030x8.o(RESET) refers to stm32f0xx_it.o(i.EXTI4_15_IRQHandler) for EXTI4_15_IRQHandler
    startup_stm32f030x8.o(RESET) refers to stm32f0xx_it.o(i.TIM6_IRQHandler) for TIM6_IRQHandler
    startup_stm32f030x8.o(RESET) refers to stm32f0xx_it.o(i.TIM14_IRQHandler) for TIM14_IRQHandler
    startup_stm32f030x8.o(RESET) refers to stm32f0xx_it.o(i.USART1_IRQHandler) for USART1_IRQHandler
    startup_stm32f030x8.o(.text) refers (Special) to heapauxi.o(.text) for __use_two_region_memory
    startup_stm32f030x8.o(.text) refers to system_stm32f0xx.o(i.SystemInit) for SystemInit
    startup_stm32f030x8.o(.text) refers to __main.o(!!!main) for __main
    startup_stm32f030x8.o(.text) refers to startup_stm32f030x8.o(HEAP) for Heap_Mem
    startup_stm32f030x8.o(.text) refers to startup_stm32f030x8.o(STACK) for Stack_Mem
    main.o(i.SystemClock_Config) refers to rt_memclr.o(.text) for __aeabi_memclr4
    main.o(i.SystemClock_Config) refers to stm32f0xx_hal_rcc.o(i.HAL_RCC_OscConfig) for HAL_RCC_OscConfig
    main.o(i.SystemClock_Config) refers to stm32f0xx_hal_rcc.o(i.HAL_RCC_ClockConfig) for HAL_RCC_ClockConfig
    main.o(i.SystemClock_Config) refers to stm32f0xx_hal_rcc_ex.o(i.HAL_RCCEx_PeriphCLKConfig) for HAL_RCCEx_PeriphCLKConfig
    main.o(i.main) refers to stm32f0xx_hal.o(i.HAL_Init) for HAL_Init
    main.o(i.main) refers to main.o(i.SystemClock_Config) for SystemClock_Config
    main.o(i.main) refers to gpio.o(i.MX_GPIO_Init) for MX_GPIO_Init
    main.o(i.main) refers to spi.o(i.MX_SPI1_Init) for MX_SPI1_Init
    main.o(i.main) refers to tim.o(i.MX_TIM6_Init) for MX_TIM6_Init
    main.o(i.main) refers to usart.o(i.MX_USART1_UART_Init) for MX_USART1_UART_Init
    main.o(i.main) refers to tim.o(i.MX_TIM14_Init) for MX_TIM14_Init
    main.o(i.main) refers to tim.o(i.MX_TIM3_Init) for MX_TIM3_Init
    main.o(i.main) refers to ad7190.o(i.sensor_init) for sensor_init
    main.o(i.main) refers to pump.o(i.Pump_Relay_Init) for Pump_Relay_Init
    main.o(i.main) refers to vaccum.o(i.Vaccum_Relay_Init) for Vaccum_Relay_Init
    main.o(i.main) refers to jack.o(i.Jack_Init) for Jack_Init
    main.o(i.main) refers to solenoid.o(i.Solenoid_init) for Solenoid_init
    main.o(i.main) refers to tempraturecontroller.o(i.systemTempratureControllerInit) for systemTempratureControllerInit
    main.o(i.main) refers to serial.o(i.serial_init) for serial_init
    main.o(i.main) refers to serial.o(i.serial_handler) for serial_handler
    main.o(i.main) refers to tempraturecontroller.o(i.Temprature_handler) for Temprature_handler
    main.o(i.main) refers to vaccum.o(i.Vaccum_Handler) for Vaccum_Handler
    main.o(i.main) refers to pump.o(i.Pump_Handler) for Pump_Handler
    main.o(i.main) refers to ad7190.o(i.Ad7190_Handler) for Ad7190_Handler
    main.o(i.main) refers to jack.o(i.jack_handler) for jack_handler
    main.o(i.main) refers to solenoid.o(i.SonolOid_Handler) for SonolOid_Handler
    main.o(i.main) refers to ad7190.o(.bss) for reader
    main.o(i.main) refers to main.o(.data) for .data
    gpio.o(i.MX_GPIO_Init) refers to rt_memclr.o(.text) for __aeabi_memclr4
    gpio.o(i.MX_GPIO_Init) refers to stm32f0xx_hal_gpio.o(i.HAL_GPIO_WritePin) for HAL_GPIO_WritePin
    gpio.o(i.MX_GPIO_Init) refers to stm32f0xx_hal_gpio.o(i.HAL_GPIO_Init) for HAL_GPIO_Init
    gpio.o(i.MX_GPIO_Init) refers to stm32f0xx_hal_cortex.o(i.HAL_NVIC_SetPriority) for HAL_NVIC_SetPriority
    gpio.o(i.MX_GPIO_Init) refers to stm32f0xx_hal_cortex.o(i.HAL_NVIC_EnableIRQ) for HAL_NVIC_EnableIRQ
    gpio.o(i.MX_GPIO_Init) refers to stm32f0xx_hal_cortex.o(i.HAL_NVIC_DisableIRQ) for HAL_NVIC_DisableIRQ
    spi.o(i.HAL_SPI_MspDeInit) refers to stm32f0xx_hal_gpio.o(i.HAL_GPIO_DeInit) for HAL_GPIO_DeInit
    spi.o(i.HAL_SPI_MspInit) refers to rt_memclr.o(.text) for __aeabi_memclr4
[...]
    .text                                    0x0800146c   Section        0  dnan2.o(.text)
    .text                                    0x08001480   Section        0  retnan.o(.text)
    .text                                    0x080014e0   Section        0  sys_exit.o(.text)
    .text                                    0x080014ec   Section        2  use_no_semi.o(.text)
    .text                                    0x080014ee   Section        0  indicate_semi.o(.text)
    i.AD7190_ChannelSelect                   0x080014ee   Section        0  ad7190.o(i.AD7190_ChannelSelect)
    i.AD7190_GetRegisterValue                0x08001518   Section        0  ad7190.o(i.AD7190_GetRegisterValue)
    i.AD7190_Init                            0x08001594   Section        0  ad7190.o(i.AD7190_Init)
    i.AD7190_RangeSetup                      0x080015c4   Section        0  ad7190.o(i.AD7190_RangeSetup)
    i.AD7190_Reset                           0x080015ee   Section        0  ad7190.o(i.AD7190_Reset)
    i.AD7190_SetRegisterValue                0x0800160e   Section        0  ad7190.o(i.AD7190_SetRegisterValue)
    i.Ad7190_Handler                         0x08001660   Section        0  ad7190.o(i.Ad7190_Handler)
    i.Checksum                               0x08001868   Section        0  serial.o(i.Checksum)
    i.EXTI4_15_IRQHandler                    0x08001876   Section        0  stm32f0xx_it.o(i.EXTI4_15_IRQHandler)
    i.Error_Handler                          0x08001882   Section        0  main.o(i.Error_Handler)
    i.GetInput                               0x08001886   Section        0  ad7190.o(i.GetInput)
    i.HAL_DMA_Abort                          0x080018a4   Section        0  stm32f0xx_hal_dma.o(i.HAL_DMA_Abort)
    i.HAL_DMA_Abort_IT                       0x080018e4   Section        0  stm32f0xx_hal_dma.o(i.HAL_DMA_Abort_IT)
    i.HAL_Delay                              0x0800192c   Section        0  stm32f0xx_hal.o(i.HAL_Delay)
    i.HAL_GPIO_EXTI_Callback                 0x08001950   Section        0  tempraturecontroller.o(i.HAL_GPIO_EXTI_Callback)
    i.HAL_GPIO_EXTI_IRQHandler               0x08001980   Section        0  stm32f0xx_hal_gpio.o(i.HAL_GPIO_EXTI_IRQHandler)
    i.HAL_GPIO_Init                          0x08001998   Section        0  stm32f0xx_hal_gpio.o(i.HAL_GPIO_Init)
    i.HAL_GPIO_ReadPin                       0x08001b3c   Section        0  stm32f0xx_hal_gpio.o(i.HAL_GPIO_ReadPin)
    i.HAL_GPIO_WritePin                      0x08001b46   Section        0  stm32f0xx_hal_gpio.o(i.HAL_GPIO_WritePin)
    i.HAL_GetTick                            0x08001b54   Section        0  stm32f0xx_hal.o(i.HAL_GetTick)
    i.HAL_IncTick                            0x08001b60   Section        0  stm32f0xx_hal.o(i.HAL_IncTick)
    i.HAL_Init                               0x08001b70   Section        0  stm32f0xx_hal.o(i.HAL_Init)
    i.HAL_InitTick                           0x08001b90   Section        0  stm32f0xx_hal.o(i.HAL_InitTick)
    i.HAL_MspInit                            0x08001bd4   Section        0  stm32f0xx_hal_msp.o(i.HAL_MspInit)
    i.HAL_NVIC_DisableIRQ                    0x08001bfc   Section        0  stm32f0xx_hal_cortex.o(i.HAL_NVIC_DisableIRQ)
    i.HAL_NVIC_EnableIRQ                     0x08001c1c   Section        0  stm32f0xx_hal_cortex.o(i.HAL_NVIC_EnableIRQ)
    i.HAL_NVIC_SetPriority                   0x08001c34   Section        0  stm32f0xx_hal_cortex.o(i.HAL_NVIC_SetPriority)
    i.HAL_RCCEx_PeriphCLKConfig              0x08001c3c   Section        0  stm32f0xx_hal_rcc_ex.o(i.HAL_RCCEx_PeriphCLKConfig)
    i.HAL_RCC_ClockConfig                    0x08001d24   Section        0  stm32f0xx_hal_rcc.o(i.HAL_RCC_ClockConfig)
    i.HAL_RCC_GetPCLK1Freq                   0x08001e2c   Section        0  stm32f0xx_hal_rcc.o(i.HAL_RCC_GetPCLK1Freq)
    i.HAL_RCC_GetSysClockFreq                0x08001e4c   Section        0  stm32f0xx_hal_rcc.o(i.HAL_RCC_GetSysClockFreq)
    i.HAL_RCC_OscConfig                      0x08001ed0   Section        0  stm32f0xx_hal_rcc.o(i.HAL_RCC_OscConfig)
    i.HAL_SPI_Init                           0x08002258   Section        0  stm32f0xx_hal_spi.o(i.HAL_SPI_Init)
    i.HAL_SPI_MspInit                        0x08002348   Section        0  spi.o(i.HAL_SPI_MspInit)
    i.HAL_SPI_Receive                        0x080023a8   Section        0  stm32f0xx_hal_spi.o(i.HAL_SPI_Receive)
    i.HAL_SPI_Transmit                       0x08002510   Section        0  stm32f0xx_hal_spi.o(i.HAL_SPI_Transmit)
    i.HAL_SPI_TransmitReceive                0x08002670   Section        0  stm32f0xx_hal_spi.o(i.HAL_SPI_TransmitReceive)
    i.HAL_SYSTICK_Config                     0x08002864   Section        0  stm32f0xx_hal_cortex.o(i.HAL_SYSTICK_Config)
    i.HAL_TIMEx_BreakCallback                0x08002894   Section        0  stm32f0xx_hal_tim_ex.o(i.HAL_TIMEx_BreakCallback)
    i.HAL_TIMEx_CommutCallback               0x08002896   Section        0  stm32f0xx_hal_tim_ex.o(i.HAL_TIMEx_CommutCallback)
    i.HAL_TIMEx_MasterConfigSynchronization  0x08002898   Section        0  stm32f0xx_hal_tim_ex.o(i.HAL_TIMEx_MasterConfigSynchronization)
    i.HAL_TIM_Base_Init                      0x080028f4   Section        0  stm32f0xx_hal_tim.o(i.HAL_TIM_Base_Init)
    i.HAL_TIM_Base_MspInit                   0x0800293c   Section        0  tim.o(i.HAL_TIM_Base_MspInit)
    i.HAL_TIM_Base_Start_IT                  0x080029b0   Section        0  stm32f0xx_hal_tim.o(i.HAL_TIM_Base_Start_IT)
    i.HAL_TIM_Base_Stop_IT                   0x08002a00   Section        0  stm32f0xx_hal_tim.o(i.HAL_TIM_Base_Stop_IT)
    i.HAL_TIM_ConfigClockSource              0x08002a34   Section        0  stm32f0xx_hal_tim.o(i.HAL_TIM_ConfigClockSource)
    i.HAL_TIM_IC_CaptureCallback             0x08002b10   Section        0  stm32f0xx_hal_tim.o(i.HAL_TIM_IC_CaptureCallback)
    i.HAL_TIM_IRQHandler                     0x08002b12   Section        0  stm32f0xx_hal_tim.o(i.HAL_TIM_IRQHandler)
    i.HAL_TIM_MspPostInit                    0x08002c74   Section        0  tim.o(i.HAL_TIM_MspPostInit)
    i.HAL_TIM_OC_DelayElapsedCallback        0x08002cc4   Section        0  stm32f0xx_hal_tim.o(i.HAL_TIM_OC_DelayElapsedCallback)
    i.HAL_TIM_PWM_ConfigChannel              0x08002cc6   Section        0  stm32f0xx_hal_tim.o(i.HAL_TIM_PWM_ConfigChannel)
    i.HAL_TIM_PWM_Init                       0x08002d96   Section        0  stm32f0xx_hal_tim.o(i.HAL_TIM_PWM_Init)
    i.HAL_TIM_PWM_MspInit                    0x08002dde   Section        0  stm32f0xx_hal_tim.o(i.HAL_TIM_PWM_MspInit)
    i.HAL_TIM_PWM_PulseFinishedCallback      0x08002de0   Section        0  stm32f0xx_hal_tim.o(i.HAL_TIM_PWM_PulseFinishedCallback)
    i.HAL_TIM_PWM_Start                      0x08002de4   Section        0  stm32f0xx_hal_tim.o(i.HAL_TIM_PWM_Start)
    i.HAL_TIM_PeriodElapsedCallback          0x08002e8c   Section        0  tempraturecontroller.o(i.HAL_TIM_PeriodElapsedCallback)
    i.HAL_TIM_TriggerCallback                0x08002ef4   Section        0  stm32f0xx_hal_tim.o(i.HAL_TIM_TriggerCallback)
    i.HAL_UARTEx_RxEventCallback             0x08002ef6   Section        0  stm32f0xx_hal_uart.o(i.HAL_UARTEx_RxEventCallback)
    i.HAL_UART_ErrorCallback                 0x08002ef8   Section        0  stm32f0xx_hal_uart.o(i.HAL_UART_ErrorCallback)
    i.HAL_UART_IRQHandler                    0x08002efc   Section        0  stm32f0xx_hal_uart.o(i.HAL_UART_IRQHandler)
    i.HAL_UART_Init                          0x08003188   Section        0  stm32f0xx_hal_uart.o(i.HAL_UART_Init)
    i.HAL_UART_MspInit                       0x080031f4   Section        0  usart.o(i.HAL_UART_MspInit)
    i.HAL_UART_Receive_IT                    0x08003268   Section        0  stm32f0xx_hal_uart.o(i.HAL_UART_Receive_IT)
    i.HAL_UART_RxCpltCallback                0x080032cc   Section        0  serial.o(i.HAL_UART_RxCpltCallback)
    i.HAL_UART_Transmit                      0x0800330c   Section        0  stm32f0xx_hal_uart.o(i.HAL_UART_Transmit)
    i.HAL_UART_TxCpltCallback                0x080033de   Section        0  stm32f0xx_hal_uart.o(i.HAL_UART_TxCpltCallback)
    i.HardFault_Handler                      0x080033e0   Section        0  stm32f0xx_it.o(i.HardFault_Handler)
    i.Jack_Init                              0x080033e4   Section        0  jack.o(i.Jack_Init)
    i.MX_GPIO_Init                           0x08003428   Section        0  gpio.o(i.MX_GPIO_Init)
    i.MX_SPI1_Init                           0x08003528   Section        0  spi.o(i.MX_SPI1_Init)
    i.MX_TIM14_Init                          0x08003574   Section        0  tim.o(i.MX_TIM14_Init)
    i.MX_TIM3_Init                           0x080035a8   Section        0  tim.o(i.MX_TIM3_Init)
    i.MX_TIM6_Init                           0x08003654   Section        0  tim.o(i.MX_TIM6_Init)
    i.MX_USART1_UART_Init                    0x08003684   Section        0  usart.o(i.MX_USART1_UART_Init)
    i.NMI_Handler                            0x080036bc   Section        0  stm32f0xx_it.o(i.NMI_Handler)
    i.PendSV_Handler                         0x080036be   Section        0  stm32f0xx_it.o(i.PendSV_Handler)
    i.Pump_Handler                           0x080036c0   Section        0  pump.o(i.Pump_Handler)
    i.Pump_Relay_Init                        0x080036fc   Section        0  pump.o(i.Pump_Relay_Init)
    i.SPI_EndRxTransaction                   0x08003718   Section        0  stm32f0xx_hal_spi.o(i.SPI_EndRxTransaction)
    SPI_EndRxTransaction                     0x08003719   Thumb Code   120  stm32f0xx_hal_spi.o(i.SPI_EndRxTransaction)
    i.SPI_EndRxTxTransaction                 0x08003790   Section        0  stm32f0xx_hal_spi.o(i.SPI_EndRxTxTransaction)
    SPI_EndRxTxTransaction                   0x08003791   Thumb Code    76  stm32f0xx_hal_spi.o(i.SPI_EndRxTxTransaction)
    i.SPI_Read                               0x080037dc   Section        0  ad7190.o(i.SPI_Read)
    i.SPI_WaitFifoStateUntilTimeout          0x080037f4   Section        0  stm32f0xx_hal_spi.o(i.SPI_WaitFifoStateUntilTimeout)
    SPI_WaitFifoStateUntilTimeout            0x080037f5   Thumb Code   212  stm32f0xx_hal_spi.o(i.SPI_WaitFifoStateUntilTimeout)
    i.SPI_WaitFlagStateUntilTimeout          0x080038cc   Section        0  stm32f0xx_hal_spi.o(i.SPI_WaitFlagStateUntilTimeout)
    SPI_WaitFlagStateUntilTimeout            0x080038cd   Thumb Code   180  stm32f0xx_hal_spi.o(i.SPI_WaitFlagStateUntilTimeout)
    i.SPI_Write                              0x08003984   Section        0  ad7190.o(i.SPI_Write)
    i.SVC_Handler                            0x0800399c   Section        0  stm32f0xx_it.o(i.SVC_Handler)
    i.Solenoid_init                          0x080039a0   Section        0  solenoid.o(i.Solenoid_init)
    i.SonolOid_Handler                       0x080039bc   Section        0  solenoid.o(i.SonolOid_Handler)
    i.SysTick_Handler                        0x08003ad8   Section        0  stm32f0xx_it.o(i.SysTick_Handler)
    i.SystemClock_Config                     0x08003ae0   Section        0  main.o(i.SystemClock_Config)
    i.SystemInit                             0x08003b54   Section        0  system_stm32f0xx.o(i.SystemInit)
    i.TIM14_IRQHandler                       0x08003b58   Section        0  stm32f0xx_it.o(i.TIM14_IRQHandler)
    i.TIM6_IRQHandler                        0x08003b68   Section        0  stm32f0xx_it.o(i.TIM6_IRQHandler)
    i.TIM_Base_SetConfig                     0x08003b78   Section        0  stm32f0xx_hal_tim.o(i.TIM_Base_SetConfig)
    i.TIM_CCxChannelCmd                      0x08003c00   Section        0  stm32f0xx_hal_tim.o(i.TIM_CCxChannelCmd)
    i.TIM_ETR_SetConfig                      0x08003c1a   Section        0  stm32f0xx_hal_tim.o(i.TIM_ETR_SetConfig)
    i.TIM_ITRx_SetConfig                     0x08003c30   Section        0  stm32f0xx_hal_tim.o(i.TIM_ITRx_SetConfig)
    TIM_ITRx_SetConfig                       0x08003c31   Thumb Code    16  stm32f0xx_hal_tim.o(i.TIM_ITRx_SetConfig)
    i.TIM_OC1_SetConfig                      0x08003c40   Section        0  stm32f0xx_hal_tim.o(i.TIM_OC1_SetConfig)
    TIM_OC1_SetConfig                        0x08003c41   Thumb Code   120  stm32f0xx_hal_tim.o(i.TIM_OC1_SetConfig)
    i.TIM_OC2_SetConfig                      0x08003cc8   Section        0  stm32f0xx_hal_tim.o(i.TIM_OC2_SetConfig)
    i.TIM_OC3_SetConfig                      0x08003d48   Section        0  stm32f0xx_hal_tim.o(i.TIM_OC3_SetConfig)
    TIM_OC3_SetConfig                        0x08003d49   Thumb Code   114  stm32f0xx_hal_tim.o(i.TIM_OC3_SetConfig)
    i.TIM_OC4_SetConfig                      0x08003dcc   Section        0  stm32f0xx_hal_tim.o(i.TIM_OC4_SetConfig)
    TIM_OC4_SetConfig                        0x08003dcd   Thumb Code    90  stm32f0xx_hal_tim.o(i.TIM_OC4_SetConfig)
    i.TIM_TI1_ConfigInputStage               0x08003e38   Section        0  stm32f0xx_hal_tim.o(i.TIM_TI1_ConfigInputStage)
    TIM_TI1_ConfigInputStage                 0x08003e39   Thumb Code    34  stm32f0xx_hal_tim.o(i.TIM_TI1_ConfigInputStage)
    i.TIM_TI2_ConfigInputStage               0x08003e5a   Section        0  stm32f0xx_hal_tim.o(i.TIM_TI2_ConfigInputStage)
    TIM_TI2_ConfigInputStage                 0x08003e5b   Thumb Code    38  stm32f0xx_hal_tim.o(i.TIM_TI2_ConfigInputStage)
    i.TempratureControllerCalc               0x08003e80   Section        0  tempraturecontroller.o(i.TempratureControllerCalc)
    i.Temprature_handler                     0x08003ed8   Section        0  tempraturecontroller.o(i.Temprature_handler)
    i.TimerHeaterInit                        0x08004080   Section        0  tempraturecontroller.o(i.TimerHeaterInit)
    i.UART_AdvFeatureConfig                  0x080040c8   Section        0  stm32f0xx_hal_uart.o(i.UART_AdvFeatureConfig)
    i.UART_CheckIdleState                    0x08004194   Section        0  stm32f0xx_hal_uart.o(i.UART_CheckIdleState)
    i.UART_DMAAbortOnError                   0x080041f8   Section        0  stm32f0xx_hal_uart.o(i.UART_DMAAbortOnError)
    UART_DMAAbortOnError                     0x080041f9   Thumb Code    20  stm32f0xx_hal_uart.o(i.UART_DMAAbortOnError)
    i.UART_EndRxTransfer                     0x0800420c   Section        0  stm32f0xx_hal_uart.o(i.UART_EndRxTransfer)
    UART_EndRxTransfer                       0x0800420d   Thumb Code    94  stm32f0xx_hal_uart.o(i.UART_EndRxTransfer)
    i.UART_RxISR_16BIT                       0x0800426a   Section        0  stm32f0xx_hal_uart.o(i.UART_RxISR_16BIT)
    UART_RxISR_16BIT                         0x0800426b   Thumb Code   168  stm32f0xx_hal_uart.o(i.UART_RxISR_16BIT)
    i.UART_RxISR_8BIT                        0x08004312   Section        0  stm32f0xx_hal_uart.o(i.UART_RxISR_8BIT)
    UART_RxISR_8BIT                          0x08004313   Thumb Code   168  stm32f0xx_hal_uart.o(i.UART_RxISR_8BIT)
    i.UART_SetConfig                         0x080043bc   Section        0  stm32f0xx_hal_uart.o(i.UART_SetConfig)
    i.UART_Start_Receive_IT                  0x080044f0   Section        0  stm32f0xx_hal_uart.o(i.UART_Start_Receive_IT)
    i.UART_WaitOnFlagUntilTimeout            0x0800458c   Section        0  stm32f0xx_hal_uart.o(i.UART_WaitOnFlagUntilTimeout)
    i.USART1_IRQHandler                      0x08004660   Section        0  stm32f0xx_it.o(i.USART1_IRQHandler)
    i.Vaccum_Handler                         0x08004670   Section        0  vaccum.o(i.Vaccum_Handler)
    i.Vaccum_Relay_Init                      0x080046ac   Section        0  vaccum.o(i.Vaccum_Relay_Init)
    i.__ARM_common_ll_muluu                  0x080046c4   Section        0  stm32f0xx_hal_rcc.o(i.__ARM_common_ll_muluu)
    i.__ARM_common_switch8                   0x080046f4   Section        0  stm32f0xx_hal_dma.o(i.__ARM_common_switch8)
    i.__ARM_fpclassify                       0x08004710   Section        0  fpclassify.o(i.__ARM_fpclassify)
    i.__NVIC_SetPriority                     0x0800473c   Section        0  stm32f0xx_hal_cortex.o(i.__NVIC_SetPriority)
    __NVIC_SetPriority                       0x0800473d   Thumb Code    60  stm32f0xx_hal_cortex.o(i.__NVIC_SetPriority)
    i.__kernel_poly                          0x08004780   Section        0  poly.o(i.__kernel_poly)
    i.__mathlib_dbl_divzero                  0x0800482c   Section        0  dunder.o(i.__mathlib_dbl_divzero)
    i.__mathlib_dbl_infnan2                  0x08004840   Section        0  dunder.o(i.__mathlib_dbl_infnan2)
    i.__mathlib_dbl_invalid                  0x08004848   Section        0  dunder.o(i.__mathlib_dbl_invalid)
    i.__mathlib_dbl_overflow                 0x08004858   Section        0  dunder.o(i.__mathlib_dbl_overflow)
    i.__mathlib_dbl_underflow                0x0800486c   Section        0  dunder.o(i.__mathlib_dbl_underflow)
    i.jack_handler                           0x08004880   Section        0  jack.o(i.jack_handler)
    i.main                                   0x08004930   Section        0  main.o(i.main)
    i.pow                                    0x080049a8   Section        0  pow.o(i.pow)
    i.sensor_init                            0x080053a4   Section        0  ad7190.o(i.sensor_init)
    i.serial_handler                         0x08005474   Section        0  serial.o(i.serial_handler)
    i.serial_init                            0x08005624   Section        0  serial.o(i.serial_init)
    i.sqrt                                   0x08005684   Section        0  sqrt.o(i.sqrt)
    i.systemTempratureControllerInit         0x080056cc   Section        0  tempraturecontroller.o(i.systemTempratureControllerInit)
    x$fpl$drleqf                             0x08005718   Section      104  drlef.o(x$fpl$drleqf)
    x$fpl$fadd                               0x08005780   Section      140  faddsub.o(x$fpl$fadd)
    _fadd1                                   0x0800578d   Thumb Code     0  faddsub.o(x$fpl$fadd)
    x$fpl$fleqf                              0x0800580c   Section       84  flef.o(x$fpl$fleqf)
    x$fpl$fmul                               0x08005860   Section      176  fmul.o(x$fpl$fmul)
    x$fpl$frleqf                             0x08005910   Section       88  frlef.o(x$fpl$frleqf)
    x$fpl$frsb                               0x08005968   Section       24  faddsub.o(x$fpl$frsb)
    x$fpl$fsub                               0x08005980   Section      208  faddsub.o(x$fpl$fsub)
    _fsub1                                   0x0800598d   Thumb Code     0  faddsub.o(x$fpl$fsub)
    .constdata                               0x08005a50   Section       16  system_stm32f0xx.o(.constdata)
    x$fpl$usenofp                            0x08005a50   Section        0  usenofp.o(x$fpl$usenofp)
    .constdata                               0x08005a60   Section        8  system_stm32f0xx.o(.constdata)
    .constdata                               0x08005a68   Section      128  ddiv.o(.constdata)
    ddiv_reciptbl                            0x08005a68   Data         128  ddiv.o(.constdata)
    .constdata                               0x08005ae8   Section       64  fdiv.o(.constdata)
    fdiv_tab                                 0x08005ae8   Data          64  fdiv.o(.constdata)
    .constdata                               0x08005b28   Section      136  pow.o(.constdata)
    bp                                       0x08005b28   Data          16  pow.o(.constdata)
    dp_h                                     0x08005b38   Data          16  pow.o(.constdata)
    dp_l                                     0x08005b48   Data          16  pow.o(.constdata)
    L                                        0x08005b58   Data          48  pow.o(.constdata)
    P                                        0x08005b88   Data          40  pow.o(.constdata)
    .constdata                               0x08005bb0   Section        8  qnan.o(.constdata)
    .data                                    0x20000000   Section        1  main.o(.data)
    .data                                    0x20000004   Section       12  stm32f0xx_hal.o(.data)
    .data                                    0x20000010   Section        4  system_stm32f0xx.o(.data)
    .data                                    0x20000014   Section        8  solenoid.o(.data)
    turnOnPeriod                             0x20000014   Data           4  solenoid.o(.data)
    turnOffPeriod                            0x20000018   Data           4  solenoid.o(.data)
    .data                                    0x2000001c   Section        1  ad7190.o(.data)
    .data                                    0x2000001d   Section        1  serial.o(.data)
    .bss                                     0x20000020   Section      100  spi.o(.bss)
    .bss                                     0x20000084   Section      216  tim.o(.bss)
    .bss                                     0x2000015c   Section      132  usart.o(.bss)
    .bss                                     0x200001e0   Section       16  vaccum.o(.bss)
    .bss                                     0x200001f0   Section       68  jack.o(.bss)
    .bss                                     0x20000234   Section       16  pump.o(.bss)
    .bss                                     0x20000244   Section       24  solenoid.o(.bss)
    .bss                                     0x2000025c   Section      152  ad7190.o(.bss)
    .bss                                     0x200002f4   Section      144  tempraturecontroller.o(.bss)
    .bss                                     0x20000384   Section      196  serial.o(.bss)
    .bss                                     0x20000448   Section       96  libspace.o(.bss)
    HEAP                                     0x200004a8   Section      512  startup_stm32f030x8.o(HEAP)
    Heap_Mem                                 0x200004a8   Data         512  startup_stm32f030x8.o(HEAP)
    STACK                                    0x200006a8   Section     1024  startup_stm32f030x8.o(STACK)
    Stack_Mem                                0x200006a8   Data        1024  startup_stm32f030x8.o(STACK)
    __initial_sp                             0x20000aa8   Data           0  startup_stm32f030x8.o(STACK)

    Global Symbols

    Symbol Name                              Value     Ov Type        Size  Object(Section)

    BuildAttributes$$THM_ISAv3M$S$PE$A:L22$X:L11$S22$IEEE1$IW$USESV6$~STKCKD$USESV7$~SHL$OTIME$ROPI$IEEEX$EBA8$UX$STANDARDLIB$REQ8$PRES8$EABIv2 0x00000000   Number         0  anon$$obj.o ABSOLUTE
    __ARM_use_no_argv                        0x00000000   Number         0  main.o ABSOLUTE
    __ARM_exceptions_init                     - Undefined Weak Reference
    __alloca_initialize                       - Undefined Weak Reference
    __arm_preinit_                            - Undefined Weak Reference
    __cpp_initialize__aeabi_                  - Undefined Weak Reference
    __cxa_finalize                            - Undefined Weak Reference
    __rt_locale                               - Undefined Weak Reference
    __sigvec_lookup                           - Undefined Weak Reference
    _atexit_init                              - Undefined Weak Reference
    _call_atexit_fns                          - Undefined Weak Reference
    _clock_init                               - Undefined Weak Reference
    _fp_trap_init                             - Undefined Weak Reference
    _fp_trap_shutdown                         - Undefined Weak Reference
    _get_lc_collate                           - Undefined Weak Reference
    _get_lc_ctype                             - Undefined Weak Reference
    _get_lc_monetary                          - Undefined Weak Reference
    _get_lc_numeric                           - Undefined Weak Reference
    _get_lc_time                              - Undefined Weak Reference
    _getenv_init                              - Undefined Weak Reference
    _handle_redirection                       - Undefined Weak Reference
    _init_alloc                               - Undefined Weak Reference
    _init_user_alloc                          - Undefined Weak Reference
    _initio                                   - Undefined Weak Reference
    _rand_init                                - Undefined Weak Reference
    _signal_finish                            - Undefined Weak Reference
    _signal_init                              - Undefined Weak Reference
    _terminate_alloc                          - Undefined Weak Reference
    _terminate_user_alloc                     - Undefined Weak Reference
    _terminateio                              - Undefined Weak Reference
    __Vectors_Size                           0x000000b4   Number         0  startup_stm32f030x8.o ABSOLUTE
    __Vectors                                0x08000000   Data           4  startup_stm32f030x8.o(RESET)
    __Vectors_End                            0x080000b4   Data           0  startup_stm32f030x8.o(RESET)
    __main                                   0x080000b5   Thumb Code     8  __main.o(!!!main)
    __scatterload                            0x080000bd   Thumb Code     0  __scatter.o(!!!scatter)
    __scatterload_rt2                        0x080000bd   Thumb Code    52  __scatter.o(!!!scatter)
    __scatterload_rt2_thumb_only             0x080000bd   Thumb Code     0  __scatter.o(!!!scatter)
    __scatterload_null                       0x080000cd   Thumb Code     0  __scatter.o(!!!scatter)
    __scatterload_copy                       0x080000f9   Thumb Code    26  __scatter_copy.o(!!handler_copy)
    __scatterload_zeroinit                   0x08000115   Thumb Code    28  __scatter_zi.o(!!handler_zi)
    __rt_lib_init                            0x08000131   Thumb Code     0  libinit.o(.ARM.Collect$$libinit$$00000000)
    __rt_lib_init_alloca_1                   0x08000133   Thumb Code     0  libinit2.o(.ARM.Collect$$libinit$$0000002E)
    __rt_lib_init_argv_1                     0x08000133   Thumb Code     0  libinit2.o(.ARM.Collect$$libinit$$0000002C)
    __rt_lib_init_atexit_1                   0x08000133   Thumb Code     0  libinit2.o(.ARM.Collect$$libinit$$0000001B)
    __rt_lib_init_clock_1                    0x08000133   Thumb Code     0  libinit2.o(.ARM.Collect$$libinit$$00000021)
    __rt_lib_init_cpp_1                      0x08000133   Thumb Code     0  libinit2.o(.ARM.Collect$$libinit$$00000032)
    __rt_lib_init_exceptions_1               0x08000133   Thumb Code     0  libinit2.o(.ARM.Collect$$libinit$$00000030)
    __rt_lib_init_fp_1                       0x08000133   Thumb Code     0  libinit2.o(.ARM.Collect$$libinit$$00000002)
    __rt_lib_init_fp_trap_1                  0x08000133   Thumb Code     0  libinit2.o(.ARM.Collect$$libinit$$0000001F)
    __rt_lib_init_getenv_1                   0x08000133   Thumb Code     0  libinit2.o(.ARM.Collect$$libinit$$00000023)
    __rt_lib_init_heap_1                     0x08000133   Thumb Code     0  libinit2.o(.ARM.Collect$$libinit$$0000000A)
    __rt_lib_init_lc_collate_1               0x08000133   Thumb Code     0  libinit2.o(.ARM.Collect$$libinit$$00000011)
    __rt_lib_init_lc_ctype_1                 0x08000133   Thumb Code     0  libinit2.o(.ARM.Collect$$libinit$$00000013)
    __rt_lib_init_lc_monetary_1              0x08000133   Thumb Code     0  libinit2.o(.ARM.Collect$$libinit$$00000015)
    __rt_lib_init_lc_numeric_1               0x08000133   Thumb Code     0  libinit2.o(.ARM.Collect$$libinit$$00000017)
    __rt_lib_init_lc_time_1                  0x08000133   Thumb Code     0  libinit2.o(.ARM.Collect$$libinit$$00000019)
    __rt_lib_init_preinit_1                  0x08000133   Thumb Code     0  libinit2.o(.ARM.Collect$$libinit$$00000004)
    __rt_lib_init_rand_1                     0x08000133   Thumb Code     0  libinit2.o(.ARM.Collect$$libinit$$0000000E)
    __rt_lib_init_return                     0x08000133   Thumb Code     0  libinit2.o(.ARM.Collect$$libinit$$00000033)
    __rt_lib_init_signal_1                   0x08000133   Thumb Code     0  libinit2.o(.ARM.Collect$$libinit$$0000001D)
    __rt_lib_init_stdio_1                    0x08000133   Thumb Code     0  libinit2.o(.ARM.Collect$$libinit$$00000025)
    __rt_lib_init_user_alloc_1               0x08000133   Thumb Code     0  libinit2.o(.ARM.Collect$$libinit$$0000000C)
    __rt_lib_shutdown                        0x08000135   Thumb Code     0  libshutdown.o(.ARM.Collect$$libshutdown$$00000000)
    __rt_lib_shutdown_cpp_1                  0x08000137   Thumb Code     0  libshutdown2.o(.ARM.Collect$$libshutdown$$00000002)
    __rt_lib_shutdown_fp_trap_1              0x08000137   Thumb Code     0  libshutdown2.o(.ARM.Collect$$libshutdown$$00000007)
    __rt_lib_shutdown_heap_1                 0x08000137   Thumb Code     0  libshutdown2.o(.ARM.Collect$$libshutdown$$0000000F)
    __rt_lib_shutdown_return                 0x08000137   Thumb Code     0  libshutdown2.o(.ARM.Collect$$libshutdown$$00000010)
    __rt_lib_shutdown_signal_1               0x08000137   Thumb Code     0  libshutdown2.o(.ARM.Collect$$libshutdown$$0000000A)
    __rt_lib_shutdown_stdio_1                0x08000137   Thumb Code     0  libshutdown2.o(.ARM.Collect$$libshutdown$$00000004)
    __rt_lib_shutdown_user_alloc_1           0x08000137   Thumb Code     0  libshutdown2.o(.ARM.Collect$$libshutdown$$0000000C)
    __rt_entry                               0x08000139   Thumb Code     0  __rtentry.o(.ARM.Collect$$rtentry$$00000000)
    __rt_entry_presh_1                       0x08000139   Thumb Code     0  __rtentry2.o(.ARM.Collect$$rtentry$$00000002)
    __rt_entry_sh                            0x08000139   Thumb Code     0  __rtentry4.o(.ARM.Collect$$rtentry$$00000004)
    __rt_entry_li                            0x0800013f   Thumb Code     0  __rtentry2.o(.ARM.Collect$$rtentry$$0000000A)
    __rt_entry_postsh_1                      0x0800013f   Thumb Code     0  __rtentry2.o(.ARM.Collect$$rtentry$$00000009)
    __rt_entry_main                          0x08000143   Thumb Code     0  __rtentry2.o(.ARM.Collect$$rtentry$$0000000D)
    __rt_entry_postli_1                      0x08000143   Thumb Code     0  __rtentry2.o(.ARM.Collect$$rtentry$$0000000C)
    __rt_exit                                0x0800014b   Thumb Code     0  rtexit.o(.ARM.Collect$$rtexit$$00000000)
    __rt_exit_ls                             0x0800014d   Thumb Code     0  rtexit2.o(.ARM.Collect$$rtexit$$00000003)
    __rt_exit_prels_1                        0x0800014d   Thumb Code     0  rtexit2.o(.ARM.Collect$$rtexit$$00000002)
    __rt_exit_exit                           0x08000151   Thumb Code     0  rtexit2.o(.ARM.Collect$$rtexit$$00000004)
    Reset_Handler                            0x08000159   Thumb Code     8  startup_stm32f030x8.o(.text)
    ADC1_IRQHandler                          0x0800016b   Thumb Code     0  startup_stm32f030x8.o(.text)
    DMA1_Channel1_IRQHandler                 0x0800016b   Thumb Code     0  startup_stm32f030x8.o(.text)
    DMA1_Channel2_3_IRQHandler               0x0800016b   Thumb Code     0  startup_stm32f030x8.o(.text)
    DMA1_Channel4_5_IRQHandler               0x0800016b   Thumb Code     0  startup_stm32f030x8.o(.text)
    EXTI0_1_IRQHandler                       0x0800016b   Thumb Code     0  startup_stm32f030x8.o(.text)
    EXTI2_3_IRQHandler                       0x0800016b   Thumb Code     0  startup_stm32f030x8.o(.text)
    FLASH_IRQHandler                         0x0800016b   Thumb Code     0  startup_stm32f030x8.o(.text)
    I2C1_IRQHandler                          0x0800016b   Thumb Code     0  startup_stm32f030x8.o(.text)
    I2C2_IRQHandler                          0x0800016b   Thumb Code     0  startup_stm32f030x8.o(.text)
    RCC_IRQHandler                           0x0800016b   Thumb Code     0  startup_stm32f030x8.o(.text)
    RTC_IRQHandler                           0x0800016b   Thumb Code     0  startup_stm32f030x8.o(.text)
    SPI1_IRQHandler                          0x0800016b   Thumb Code     0  startup_stm32f030x8.o(.text)
    SPI2_IRQHandler                          0x0800016b   Thumb Code     0  startup_stm32f030x8.o(.text)
    TIM15_IRQHandler                         0x0800016b   Thumb Code     0  startup_stm32f030x8.o(.text)
    TIM16_IRQHandler                         0x0800016b   Thumb Code     0  startup_stm32f030x8.o(.text)
    TIM17_IRQHandler                         0x0800016b   Thumb Code     0  startup_stm32f030x8.o(.text)
    TIM1_BRK_UP_TRG_COM_IRQHandler           0x0800016b   Thumb Code     0  startup_stm32f030x8.o(.text)
    TIM1_CC_IRQHandler                       0x0800016b   Thumb Code     0  startup_stm32f030x8.o(.text)
    TIM3_IRQHandler                          0x0800016b   Thumb Code     0  startup_stm32f030x8.o(.text)
    USART2_IRQHandler                        0x0800016b   Thumb Code     0  startup_stm32f030x8.o(.text)
    WWDG_IRQHandler                          0x0800016b   Thumb Code     0  startup_stm32f030x8.o(.text)
    __user_initial_stackheap                 0x0800016d   Thumb Code     0  startup_stm32f030x8.o(.text)
    __aeabi_uldivmod                         0x08000191   Thumb Code   258  lludiv.o(.text)
    _ll_udiv                                 0x08000191   Thumb Code     0  lludiv.o(.text)
    _memset_w                                0x08000293   Thumb Code    26  rt_memclr.o(.text)
    _memset                                  0x080002ad   Thumb Code    30  rt_memclr.o(.text)
    __aeabi_memclr                           0x080002cb   Thumb Code     4  rt_memclr.o(.text)
    __rt_memclr                              0x080002cb   Thumb Code     0  rt_memclr.o(.text)
    __aeabi_memclr4                          0x080002cf   Thumb Code     0  rt_memclr.o(.text)
    __aeabi_memclr8                          0x080002cf   Thumb Code     0  rt_memclr.o(.text)
    __rt_memclr_w                            0x080002cf   Thumb Code     4  rt_memclr.o(.text)
    __aeabi_uread4                           0x080002d3   Thumb Code    34  uread4.o(.text)
    __rt_uread4                              0x080002d3   Thumb Code     0  uread4.o(.text)
    __aeabi_uwrite4                          0x080002f5   Thumb Code    16  uwrite4.o(.text)
    __rt_uwrite4                             0x080002f5   Thumb Code     0  uwrite4.o(.text)
    __aeabi_uidiv                            0x08000305   Thumb Code     0  aeabi_sdiv.o(.text)
    __aeabi_uidivmod                         0x08000305   Thumb Code    20  aeabi_sdiv.o(.text)
    __aeabi_idiv                             0x08000319   Thumb Code     0  aeabi_sdiv.o(.text)
    __aeabi_idivmod                          0x08000319   Thumb Code   326  aeabi_sdiv.o(.text)
    __use_two_region_memory                  0x0800045f   Thumb Code     2  heapauxi.o(.text)
    __rt_heap_escrow$2region                 0x08000461   Thumb Code     2  heapauxi.o(.text)
    __rt_heap_expand$2region                 0x08000463   Thumb Code     2  heapauxi.o(.text)
    __aeabi_d2f                              0x08000465   Thumb Code     0  d2f.o(.text)
    _d2f                                     0x08000465   Thumb Code   120  d2f.o(.text)
    __aeabi_dadd                             0x080007d9   Thumb Code     0  daddsub.o(.text)
    _dadd                                    0x080007d9   Thumb Code    26  daddsub.o(.text)
    __aeabi_dsub                             0x080007f3   Thumb Code     0  daddsub.o(.text)
    _dsub                                    0x080007f3   Thumb Code    22  daddsub.o(.text)
    __aeabi_drsub                            0x08000809   Thumb Code     0  daddsub.o(.text)
    _drsb                                    0x08000809   Thumb Code    28  daddsub.o(.text)
    __aeabi_ddiv                             0x08000839   Thumb Code     0  ddiv.o(.text)
    _ddiv                                    0x08000839   Thumb Code  1072  ddiv.o(.text)
    _drdiv                                   0x08000c69   Thumb Code    20  ddiv.o(.text)
    __aeabi_f2d                              0x08000c81   Thumb Code     0  f2d.o(.text)
    _f2d                                     0x08000c81   Thumb Code    80  f2d.o(.text)
    __aeabi_fdiv                             0x08000cd5   Thumb Code     0  fdiv.o(.text)
    _fdiv                                    0x08000cd5   Thumb Code   334  fdiv.o(.text)
    _frdiv                                   0x08000e23   Thumb Code     8  fdiv.o(.text)
    __aeabi_f2uiz                            0x08000e35   Thumb Code     0  ffixui.o(.text)
    _ffixu                                   0x08000e35   Thumb Code    48  ffixui.o(.text)
    __aeabi_i2f_normalise                    0x08000e65   Thumb Code    72  fflti.o(.text)
    __aeabi_i2f                              0x08000ead   Thumb Code    16  fflti.o(.text)
    _fflt                                    0x08000ead   Thumb Code     0  fflti.o(.text)
    __aeabi_ui2f                             0x08000ebd   Thumb Code     6  fflti.o(.text)
    _ffltu                                   0x08000ebd   Thumb Code     0  fflti.o(.text)
    __read_errno                             0x08000ec3   Thumb Code    10  _rserrno.o(.text)
    __set_errno                              0x08000ecd   Thumb Code    12  _rserrno.o(.text)
    __aeabi_i2d_normalise                    0x08000ed9   Thumb Code    66  dflti.o(.text)
    __aeabi_i2d                              0x08000f1b   Thumb Code    16  dflti.o(.text)
    _dflt                                    0x08000f1b   Thumb Code     0  dflti.o(.text)
    __aeabi_ui2d                             0x08000f2b   Thumb Code     6  dflti.o(.text)
    _dfltu                                   0x08000f2b   Thumb Code     0  dflti.o(.text)
    __aeabi_dmul                             0x08000f31   Thumb Code     0  dmul.o(.text)
    _dmul                                    0x08000f31   Thumb Code   558  dmul.o(.text)
    __ARM_scalbn                             0x08001179   Thumb Code    84  dscalbn.o(.text)
    __fpl_fcmp_InfNaN                        0x080011d9   Thumb Code    96  fcmpin.o(.text)
    __aeabi_errno_addr                       0x0800123d   Thumb Code     8  rt_errno_addr_intlibspace.o(.text)
    __errno$intlibspace                      0x0800123d   Thumb Code     0  rt_errno_addr_intlibspace.o(.text)
    __rt_errno_addr$intlibspace              0x0800123d   Thumb Code     0  rt_errno_addr_intlibspace.o(.text)
    __fpl_cmpreturn                          0x08001245   Thumb Code    46  cmpret.o(.text)
    __fpl_dcmp_InfNaN                        0x08001275   Thumb Code   140  dcmpin.o(.text)
    _dsqrt                                   0x08001305   Thumb Code   248  dsqrt.o(.text)
    __fpl_fcheck_NaN2                        0x08001405   Thumb Code    10  fnan2.o(.text)
    __user_libspace                          0x08001415   Thumb Code     8  libspace.o(.text)
    __user_perproc_libspace                  0x08001415   Thumb Code     0  libspace.o(.text)
    __user_perthread_libspace                0x08001415   Thumb Code     0  libspace.o(.text)
    __user_setup_stackheap                   0x0800141d   Thumb Code    62  sys_stackheap_outer.o(.text)
    exit                                     0x0800145b   Thumb Code    16  exit.o(.text)
    __fpl_dcheck_NaN2                        0x0800146d   Thumb Code    14  dnan2.o(.text)
    __fpl_return_NaN                         0x08001481   Thumb Code    94  retnan.o(.text)
    _sys_exit                                0x080014e1   Thumb Code     8  sys_exit.o(.text)
    __I$use$semihosting                      0x080014ed   Thumb Code     0  use_no_semi.o(.text)
    __use_no_semihosting_swi                 0x080014ed   Thumb Code     2  use_no_semi.o(.text)
    AD7190_ChannelSelect                     0x080014ef   Thumb Code    42  ad7190.o(i.AD7190_ChannelSelect)
    __semihosting_library_function           0x080014ef   Thumb Code     0  indicate_semi.o(.text)
    AD7190_GetRegisterValue                  0x08001519   Thumb Code   122  ad7190.o(i.AD7190_GetRegisterValue)
    AD7190_Init                              0x08001595   Thumb Code    44  ad7190.o(i.AD7190_Init)
    AD7190_RangeSetup                        0x080015c5   Thumb Code    42  ad7190.o(i.AD7190_RangeSetup)
    AD7190_Reset                             0x080015ef   Thumb Code    32  ad7190.o(i.AD7190_Reset)
    AD7190_SetRegisterValue                  0x0800160f   Thumb Code    80  ad7190.o(i.AD7190_SetRegisterValue)
    Ad7190_Handler                           0x08001661   Thumb Code   504  ad7190.o(i.Ad7190_Handler)
    Checksum                                 0x08001869   Thumb Code    14  serial.o(i.Checksum)
    EXTI4_15_IRQHandler                      0x08001877   Thumb Code    12  stm32f0xx_it.o(i.EXTI4_15_IRQHandler)
    Error_Handler                            0x08001883   Thumb Code     4  main.o(i.Error_Handler)
    GetInput                                 0x08001887   Thumb Code    30  ad7190.o(i.GetInput)
    HAL_DMA_Abort                            0x080018a5   Thumb Code    64  stm32f0xx_hal_dma.o(i.HAL_DMA_Abort)
    HAL_DMA_Abort_IT                         0x080018e5   Thumb Code    72  stm32f0xx_hal_dma.o(i.HAL_DMA_Abort_IT)
    HAL_Delay                                0x0800192d   Thumb Code    32  stm32f0xx_hal.o(i.HAL_Delay)
    HAL_GPIO_EXTI_Callback                   0x08001951   Thumb Code    42  tempraturecontroller.o(i.HAL_GPIO_EXTI_Callback)
    HAL_GPIO_EXTI_IRQHandler                 0x08001981   Thumb Code    18  stm32f0xx_hal_gpio.o(i.HAL_GPIO_EXTI_IRQHandler)
    HAL_GPIO_Init                            0x08001999   Thumb Code   396  stm32f0xx_hal_gpio.o(i.HAL_GPIO_Init)
    HAL_GPIO_ReadPin                         0x08001b3d   Thumb Code    10  stm32f0xx_hal_gpio.o(i.HAL_GPIO_ReadPin)
    HAL_GPIO_WritePin                        0x08001b47   Thumb Code    12  stm32f0xx_hal_gpio.o(i.HAL_GPIO_WritePin)
    HAL_GetTick                              0x08001b55   Thumb Code     6  stm32f0xx_hal.o(i.HAL_GetTick)
    HAL_IncTick                              0x08001b61   Thumb Code    12  stm32f0xx_hal.o(i.HAL_IncTick)
    HAL_Init                                 0x08001b71   Thumb Code    26  stm32f0xx_hal.o(i.HAL_Init)
    HAL_InitTick                             0x08001b91   Thumb Code    58  stm32f0xx_hal.o(i.HAL_InitTick)
    HAL_MspInit                              0x08001bd5   Thumb Code    34  stm32f0xx_hal_msp.o(i.HAL_MspInit)
    HAL_NVIC_DisableIRQ                      0x08001bfd   Thumb Code    26  stm32f0xx_hal_cortex.o(i.HAL_NVIC_DisableIRQ)
    HAL_NVIC_EnableIRQ                       0x08001c1d   Thumb Code    18  stm32f0xx_hal_cortex.o(i.HAL_NVIC_EnableIRQ)
    HAL_NVIC_SetPriority                     0x08001c35   Thumb Code     8  stm32f0xx_hal_cortex.o(i.HAL_NVIC_SetPriority)
    HAL_RCCEx_PeriphCLKConfig                0x08001c3d   Thumb Code   218  stm32f0xx_hal_rcc_ex.o(i.HAL_RCCEx_PeriphCLKConfig)
    HAL_RCC_ClockConfig                      0x08001d25   Thumb Code   242  stm32f0xx_hal_rcc.o(i.HAL_RCC_ClockConfig)
    HAL_RCC_GetPCLK1Freq                     0x08001e2d   Thumb Code    20  stm32f0xx_hal_rcc.o(i.HAL_RCC_GetPCLK1Freq)
    HAL_RCC_GetSysClockFreq                  0x08001e4d   Thumb Code    88  stm32f0xx_hal_rcc.o(i.HAL_RCC_GetSysClockFreq)
    HAL_RCC_OscConfig                        0x08001ed1   Thumb Code   890  stm32f0xx_hal_rcc.o(i.HAL_RCC_OscConfig)
    HAL_SPI_Init                             0x08002259   Thumb Code   238  stm32f0xx_hal_spi.o(i.HAL_SPI_Init)
    HAL_SPI_MspInit                          0x08002349   Thumb Code    82  spi.o(i.HAL_SPI_MspInit)
    HAL_SPI_Receive                          0x080023a9   Thumb Code   360  stm32f0xx_hal_spi.o(i.HAL_SPI_Receive)
    HAL_SPI_Transmit                         0x08002511   Thumb Code   352  stm32f0xx_hal_spi.o(i.HAL_SPI_Transmit)
    HAL_SPI_TransmitReceive                  0x08002671   Thumb Code   498  stm32f0xx_hal_spi.o(i.HAL_SPI_TransmitReceive)
    HAL_SYSTICK_Config                       0x08002865   Thumb Code    38  stm32f0xx_hal_cortex.o(i.HAL_SYSTICK_Config)
    HAL_TIMEx_BreakCallback                  0x08002895   Thumb Code     2  stm32f0xx_hal_tim_ex.o(i.HAL_TIMEx_BreakCallback)
    HAL_TIMEx_CommutCallback                 0x08002897   Thumb Code     2  stm32f0xx_hal_tim_ex.o(i.HAL_TIMEx_CommutCallback)
    HAL_TIMEx_MasterConfigSynchronization    0x08002899   Thumb Code    78  stm32f0xx_hal_tim_ex.o(i.HAL_TIMEx_MasterConfigSynchronization)
    HAL_TIM_Base_Init                        0x080028f5   Thumb Code    72  stm32f0xx_hal_tim.o(i.HAL_TIM_Base_Init)
    HAL_TIM_Base_MspInit                     0x0800293d   Thumb Code   100  tim.o(i.HAL_TIM_Base_MspInit)
    HAL_TIM_Base_Start_IT                    0x080029b1   Thumb Code    68  stm32f0xx_hal_tim.o(i.HAL_TIM_Base_Start_IT)
    HAL_TIM_Base_Stop_IT                     0x08002a01   Thumb Code    46  stm32f0xx_hal_tim.o(i.HAL_TIM_Base_Stop_IT)
    HAL_TIM_ConfigClockSource                0x08002a35   Thumb Code   220  stm32f0xx_hal_tim.o(i.HAL_TIM_ConfigClockSource)
    HAL_TIM_IC_CaptureCallback               0x08002b11   Thumb Code     2  stm32f0xx_hal_tim.o(i.HAL_TIM_IC_CaptureCallback)
    HAL_TIM_IRQHandler                       0x08002b13   Thumb Code   354  stm32f0xx_hal_tim.o(i.HAL_TIM_IRQHandler)
    HAL_TIM_MspPostInit                      0x08002c75   Thumb Code    70  tim.o(i.HAL_TIM_MspPostInit)
    HAL_TIM_OC_DelayElapsedCallback          0x08002cc5   Thumb Code     2  stm32f0xx_hal_tim.o(i.HAL_TIM_OC_DelayElapsedCallback)
    HAL_TIM_PWM_ConfigChannel                0x08002cc7   Thumb Code   208  stm32f0xx_hal_tim.o(i.HAL_TIM_PWM_ConfigChannel)
    HAL_TIM_PWM_Init                         0x08002d97   Thumb Code    72  stm32f0xx_hal_tim.o(i.HAL_TIM_PWM_Init)
    HAL_TIM_PWM_MspInit                      0x08002ddf   Thumb Code     2  stm32f0xx_hal_tim.o(i.HAL_TIM_PWM_MspInit)
    HAL_TIM_PWM_PulseFinishedCallback        0x08002de1   Thumb Code     2  stm32f0xx_hal_tim.o(i.HAL_TIM_PWM_PulseFinishedCallback)
    HAL_TIM_PWM_Start                        0x08002de5   Thumb Code   148  stm32f0xx_hal_tim.o(i.HAL_TIM_PWM_Start)
    HAL_TIM_PeriodElapsedCallback            0x08002e8d   Thumb Code    98  tempraturecontroller.o(i.HAL_TIM_PeriodElapsedCallback)
    HAL_TIM_TriggerCallback                  0x08002ef5   Thumb Code     2  stm32f0xx_hal_tim.o(i.HAL_TIM_TriggerCallback)
    HAL_UARTEx_RxEventCallback               0x08002ef7   Thumb Code     2  stm32f0xx_hal_uart.o(i.HAL_UARTEx_RxEventCallback)
    HAL_UART_ErrorCallback                   0x08002ef9   Thumb Code     2  stm32f0xx_hal_uart.o(i.HAL_UART_ErrorCallback)
    HAL_UART_IRQHandler                      0x08002efd   Thumb Code   640  stm32f0xx_hal_uart.o(i.HAL_UART_IRQHandler)
    HAL_UART_Init                            0x08003189   Thumb Code   106  stm32f0xx_hal_uart.o(i.HAL_UART_Init)
    HAL_UART_MspInit                         0x080031f5   Thumb Code   106  usart.o(i.HAL_UART_MspInit)
    HAL_UART_Receive_IT                      0x08003269   Thumb Code   100  stm32f0xx_hal_uart.o(i.HAL_UART_Receive_IT)
    HAL_UART_RxCpltCallback                  0x080032cd   Thumb Code    52  serial.o(i.HAL_UART_RxCpltCallback)
    HAL_UART_Transmit                        0x0800330d   Thumb Code   210  stm32f0xx_hal_uart.o(i.HAL_UART_Transmit)
    HAL_UART_TxCpltCallback                  0x080033df   Thumb Code     2  stm32f0xx_hal_uart.o(i.HAL_UART_TxCpltCallback)
    HardFault_Handler                        0x080033e1   Thumb Code     2  stm32f0xx_it.o(i.HardFault_Handler)
    Jack_Init                                0x080033e5   Thumb Code    52  jack.o(i.Jack_Init)
    MX_GPIO_Init                             0x08003429   Thumb Code   230  gpio.o(i.MX_GPIO_Init)
    MX_SPI1_Init                             0x08003529   Thumb Code    68  spi.o(i.MX_SPI1_Init)
    MX_TIM14_Init                            0x08003575   Thumb Code    38  tim.o(i.MX_TIM14_Init)
    MX_TIM3_Init                             0x080035a9   Thumb Code   160  tim.o(i.MX_TIM3_Init)
    MX_TIM6_Init                             0x08003655   Thumb Code    36  tim.o(i.MX_TIM6_Init)
    MX_USART1_UART_Init                      0x08003685   Thumb Code    48  usart.o(i.MX_USART1_UART_Init)
    NMI_Handler                              0x080036bd   Thumb Code     2  stm32f0xx_it.o(i.NMI_Handler)
    PendSV_Handler                           0x080036bf   Thumb Code     2  stm32f0xx_it.o(i.PendSV_Handler)
    Pump_Handler                             0x080036c1   Thumb Code    50  pump.o(i.Pump_Handler)
    Pump_Relay_Init                          0x080036fd   Thumb Code    18  pump.o(i.Pump_Relay_Init)
    SPI_Read                                 0x080037dd   Thumb Code    14  ad7190.o(i.SPI_Read)
    SPI_Write                                0x08003985   Thumb Code    14  ad7190.o(i.SPI_Write)
    SVC_Handler                              0x0800399d   Thumb Code     2  stm32f0xx_it.o(i.SVC_Handler)
    Solenoid_init                            0x080039a1   Thumb Code    18  solenoid.o(i.Solenoid_init)
    SonolOid_Handler                         0x080039bd   Thumb Code   250  solenoid.o(i.SonolOid_Handler)
    SysTick_Handler                          0x08003ad9   Thumb Code     8  stm32f0xx_it.o(i.SysTick_Handler)
    SystemClock_Config                       0x08003ae1   Thumb Code   116  main.o(i.SystemClock_Config)
    SystemInit                               0x08003b55   Thumb Code     2  system_stm32f0xx.o(i.SystemInit)
    TIM14_IRQHandler                         0x08003b59   Thumb Code    10  stm32f0xx_it.o(i.TIM14_IRQHandler)
    TIM6_IRQHandler                          0x08003b69   Thumb Code    10  stm32f0xx_it.o(i.TIM6_IRQHandler)
    TIM_Base_SetConfig                       0x08003b79   Thumb Code   112  stm32f0xx_hal_tim.o(i.TIM_Base_SetConfig)
    TIM_CCxChannelCmd                        0x08003c01   Thumb Code    26  stm32f0xx_hal_tim.o(i.TIM_CCxChannelCmd)
    TIM_ETR_SetConfig                        0x08003c1b   Thumb Code    22  stm32f0xx_hal_tim.o(i.TIM_ETR_SetConfig)
    TIM_OC2_SetConfig                        0x08003cc9   Thumb Code   110  stm32f0xx_hal_tim.o(i.TIM_OC2_SetConfig)
    TempratureControllerCalc                 0x08003e81   Thumb Code    74  tempraturecontroller.o(i.TempratureControllerCalc)
    Temprature_handler                       0x08003ed9   Thumb Code   390  tempraturecontroller.o(i.Temprature_handler)
    TimerHeaterInit                          0x08004081   Thumb Code    66  tempraturecontroller.o(i.TimerHeaterInit)
    UART_AdvFeatureConfig                    0x080040c9   Thumb Code   202  stm32f0xx_hal_uart.o(i.UART_AdvFeatureConfig)
    UART_CheckIdleState                      0x08004195   Thumb Code    94  stm32f0xx_hal_uart.o(i.UART_CheckIdleState)
    UART_SetConfig                           0x080043bd   Thumb Code   282  stm32f0xx_hal_uart.o(i.UART_SetConfig)
    UART_Start_Receive_IT                    0x080044f1   Thumb Code   142  stm32f0xx_hal_uart.o(i.UART_Start_Receive_IT)
    UART_WaitOnFlagUntilTimeout              0x0800458d   Thumb Code   212  stm32f0xx_hal_uart.o(i.UART_WaitOnFlagUntilTimeout)
    USART1_IRQHandler                        0x08004661   Thumb Code    10  stm32f0xx_it.o(i.USART1_IRQHandler)
    Vaccum_Handler                           0x08004671   Thumb Code    50  vaccum.o(i.Vaccum_Handler)
    Vaccum_Relay_Init                        0x080046ad   Thumb Code    14  vaccum.o(i.Vaccum_Relay_Init)
    __ARM_common_ll_muluu                    0x080046c5   Thumb Code    48  stm32f0xx_hal_rcc.o(i.__ARM_common_ll_muluu)
    __ARM_common_switch8                     0x080046f5   Thumb Code    26  stm32f0xx_hal_dma.o(i.__ARM_common_switch8)
    __ARM_fpclassify                         0x08004711   Thumb Code    40  fpclassify.o(i.__ARM_fpclassify)
    __kernel_poly                            0x08004781   Thumb Code   172  poly.o(i.__kernel_poly)
    __mathlib_dbl_divzero                    0x0800482d   Thumb Code    16  dunder.o(i.__mathlib_dbl_divzero)
    __mathlib_dbl_infnan2                    0x08004841   Thumb Code     8  dunder.o(i.__mathlib_dbl_infnan2)
    __mathlib_dbl_invalid                    0x08004849   Thumb Code    16  dunder.o(i.__mathlib_dbl_invalid)
    __mathlib_dbl_overflow                   0x08004859   Thumb Code    16  dunder.o(i.__mathlib_dbl_overflow)
    __mathlib_dbl_underflow                  0x0800486d   Thumb Code    14  dunder.o(i.__mathlib_dbl_underflow)
    jack_handler                             0x08004881   Thumb Code   158  jack.o(i.jack_handler)
    main                                     0x08004931   Thumb Code   112  main.o(i.main)
    pow                                      0x080049a9   Thumb Code  2548  pow.o(i.pow)
    sensor_init                              0x080053a5   Thumb Code   198  ad7190.o(i.sensor_init)
    serial_handler                           0x08005475   Thumb Code   400  serial.o(i.serial_handler)
    serial_init                              0x08005625   Thumb Code    78  serial.o(i.serial_init)
    sqrt                                     0x08005685   Thumb Code    66  sqrt.o(i.sqrt)
    systemTempratureControllerInit           0x080056cd   Thumb Code    60  tempraturecontroller.o(i.systemTempratureControllerInit)
    __aeabi_cdrcmple                         0x08005719   Thumb Code     0  drlef.o(x$fpl$drleqf)
    _drcmple                                 0x08005719   Thumb Code   100  drlef.o(x$fpl$drleqf)
    __aeabi_fadd                             0x08005781   Thumb Code     0  faddsub.o(x$fpl$fadd)
    _fadd                                    0x08005781   Thumb Code   134  faddsub.o(x$fpl$fadd)
    __aeabi_cfcmple                          0x0800580d   Thumb Code     0  flef.o(x$fpl$fleqf)
    _fcmple                                  0x0800580d   Thumb Code    78  flef.o(x$fpl$fleqf)
    __aeabi_fmul                             0x08005861   Thumb Code     0  fmul.o(x$fpl$fmul)
    _fmul                                    0x08005861   Thumb Code   172  fmul.o(x$fpl$fmul)
    __aeabi_cfrcmple                         0x08005911   Thumb Code     0  frlef.o(x$fpl$frleqf)
    _frcmple                                 0x08005911   Thumb Code    84  frlef.o(x$fpl$frleqf)
    __aeabi_frsub                            0x08005969   Thumb Code     0  faddsub.o(x$fpl$frsb)
    _frsb                                    0x08005969   Thumb Code    24  faddsub.o(x$fpl$frsb)
    __aeabi_fsub                             0x08005981   Thumb Code     0  faddsub.o(x$fpl$fsub)
    _fsub                                    0x08005981   Thumb Code   204  faddsub.o(x$fpl$fsub)
    AHBPrescTable                            0x08005a50   Data          16  system_stm32f0xx.o(.constdata)
    __I$use$fp                               0x08005a50   Number         0  usenofp.o(x$fpl$usenofp)
    APBPrescTable                            0x08005a60   Data           8  system_stm32f0xx.o(.constdata)
    __mathlib_zero                           0x08005bb0   Data           8  qnan.o(.constdata)
    Region$$Table$$Base                      0x08005bb8   Number         0  anon$$obj.o(Region$$Table)
    Region$$Table$$Limit                     0x08005bd8   Number         0  anon$$obj.o(Region$$Table)
    system                                   0x20000000   Data           1  main.o(.data)
    uwTickFreq                               0x20000004   Data           1  stm32f0xx_hal.o(.data)
    uwTickPrio                               0x20000008   Data           4  stm32f0xx_hal.o(.data)
    uwTick                                   0x2000000c   Data           4  stm32f0xx_hal.o(.data)
    SystemCoreClock                          0x20000010   Data           4  system_stm32f0xx.o(.data)
    regVal                                   0x2000001c   Data           1  ad7190.o(.data)
    Rxdata                                   0x2000001d   Data           1  serial.o(.data)
    hspi1                                    0x20000020   Data         100  spi.o(.bss)
    htim3                                    0x20000084   Data          72  tim.o(.bss)
    htim6                                    0x200000cc   Data          72  tim.o(.bss)
    htim14                                   0x20000114   Data          72  tim.o(.bss)
    huart1                                   0x2000015c   Data         132  usart.o(.bss)
    vaccum_Struct                            0x200001e0   Data          16  vaccum.o(.bss)
    jack                                     0x200001f0   Data          68  jack.o(.bss)
    pump_struct                              0x20000234   Data          16  pump.o(.bss)
    solenoid_Struct                          0x20000244   Data          24  solenoid.o(.bss)
    reader                                   0x2000025c   Data         112  ad7190.o(.bss)
    reg                                      0x200002cc   Data          40  ad7190.o(.bss)
    systemTempratureController               0x200002f4   Data         144  tempraturecontroller.o(.bss)
    hmidata                                  0x20000384   Data         196  serial.o(.bss)
    __libspace_start                         0x20000448   Data          96  libspace.o(.bss)
    __temporary_stack_top$libspace           0x200004a8   Data           0  libspace.o(.bss)



==============================================================================

Memory Map of the image

  Image Entry point : 0x080000b5

  Load Region LR_IROM1 (Base: 0x08000000, Size: 0x00005bf8, Max: 0x00010000, ABSOLUTE)

    Execution Region ER_IROM1 (Exec base: 0x08000000, Load base: 0x08000000, Size: 0x00005bd8, Max: 0x00010000, ABSOLUTE)

    Exec Addr    Load Addr    Size         Type   Attr      Idx    E Section Name        Object

    0x08000000   0x08000000   0x000000b4   Data   RO            3    RESET               startup_stm32f030x8.o
    0x080000b4   0x080000b4   0x00000008   Code   RO         3995  * !!!main             c_p.l(__main.o)
    0x080000bc   0x080000bc   0x0000003c   Code   RO         4265    !!!scatter          c_p.l(__scatter.o)
    0x080000f8   0x080000f8   0x0000001a   Code   RO         4267    !!handler_copy      c_p.l(__scatter_copy.o)
    0x08000112   0x08000112   0x00000002   PAD
    0x08000114   0x08000114   0x0000001c   Code   RO         4269    !!handler_zi        c_p.l(__scatter_zi.o)
    0x08000130   0x08000130   0x00000002   Code   RO         4133    .ARM.Collect$$libinit$$00000000  c_p.l(libinit.o)
    0x08000132   0x08000132   0x00000000   Code   RO         4148    .ARM.Collect$$libinit$$00000002  c_p.l(libinit2.o)
    0x08000132   0x08000132   0x00000000   Code   RO         4150    .ARM.Collect$$libinit$$00000004  c_p.l(libinit2.o)
    0x08000132   0x08000132   0x00000000   Code   RO         4153    .ARM.Collect$$libinit$$0000000A  c_p.l(libinit2.o)
    0x08000132   0x08000132   0x00000000   Code   RO         4155    .ARM.Collect$$libinit$$0000000C  c_p.l(libinit2.o)
    0x08000132   0x08000132   0x00000000   Code   RO         4157    .ARM.Collect$$libinit$$0000000E  c_p.l(libinit2.o)
    0x08000132   0x08000132   0x00000000   Code   RO         4160    .ARM.Collect$$libinit$$00000011  c_p.l(libinit2.o)
    0x08000132   0x08000132   0x00000000   Code   RO         4162    .ARM.Collect$$libinit$$00000013  c_p.l(libinit2.o)
    0x08000132   0x08000132   0x00000000   Code   RO         4164    .ARM.Collect$$libinit$$00000015  c_p.l(libinit2.o)
    0x08000132   0x08000132   0x00000000   Code   RO         4166    .ARM.Collect$$libinit$$00000017  c_p.l(libinit2.o)
    0x08000132   0x08000132   0x00000000   Code   RO         4168    .ARM.Collect$$libinit$$00000019  c_p.l(libinit2.o)
    0x08000132   0x08000132   0x00000000   Code   RO         4170    .ARM.Collect$$libinit$$0000001B  c_p.l(libinit2.o)
    0x08000132   0x08000132   0x00000000   Code   RO         4172    .ARM.Collect$$libinit$$0000001D  c_p.l(libinit2.o)
    0x08000132   0x08000132   0x00000000   Code   RO         4174    .ARM.Collect$$libinit$$0000001F  c_p.l(libinit2.o)
    0x08000132   0x08000132   0x00000000   Code   RO         4176    .ARM.Collect$$libinit$$00000021  c_p.l(libinit2.o)
    0x08000132   0x08000132   0x00000000   Code   RO         4178    .ARM.Collect$$libinit$$00000023  c_p.l(libinit2.o)
    0x08000132   0x08000132   0x00000000   Code   RO         4180    .ARM.Collect$$libinit$$00000025  c_p.l(libinit2.o)
    0x08000132   0x08000132   0x00000000   Code   RO         4184    .ARM.Collect$$libinit$$0000002C  c_p.l(libinit2.o)
    0x08000132   0x08000132   0x00000000   Code   RO         4186    .ARM.Collect$$libinit$$0000002E  c_p.l(libinit2.o)
    0x08000132   0x08000132   0x00000000   Code   RO         4188    .ARM.Collect$$libinit$$00000030  c_p.l(libinit2.o)
    0x08000132   0x08000132   0x00000000   Code   RO         4190    .ARM.Collect$$libinit$$00000032  c_p.l(libinit2.o)
    0x08000132   0x08000132   0x00000002   Code   RO         4191    .ARM.Collect$$libinit$$00000033  c_p.l(libinit2.o)
    0x08000134   0x08000134   0x00000002   Code   RO         4222    .ARM.Collect$$libshutdown$$00000000  c_p.l(libshutdown.o)
    0x08000136   0x08000136   0x00000000   Code   RO         4248    .ARM.Collect$$libshutdown$$00000002  c_p.l(libshutdown2.o)
    0x08000136   0x08000136   0x00000000   Code   RO         4250    .ARM.Collect$$libshutdown$$00000004  c_p.l(libshutdown2.o)
    0x08000136   0x08000136   0x00000000   Code   RO         4253    .ARM.Collect$$libshutdown$$00000007  c_p.l(libshutdown2.o)
    0x08000136   0x08000136   0x00000000   Code   RO         4256    .ARM.Collect$$libshutdown$$0000000A  c_p.l(libshutdown2.o)
    0x08000136   0x08000136   0x00000000   Code   RO         4258    .ARM.Collect$$libshutdown$$0000000C  c_p.l(libshutdown2.o)
    0x08000136   0x08000136   0x00000000   Code   RO         4261    .ARM.Collect$$libshutdown$$0000000F  c_p.l(libshutdown2.o)
    0x08000136   0x08000136   0x00000002   Code   RO         4262    .ARM.Collect$$libshutdown$$00000010  c_p.l(libshutdown2.o)
    0x08000138   0x08000138   0x00000000   Code   RO         4035    .ARM.Collect$$rtentry$$00000000  c_p.l(__rtentry.o)
    0x08000138   0x08000138   0x00000000   Code   RO         4085    .ARM.Collect$$rtentry$$00000002  c_p.l(__rtentry2.o)
    0x08000138   0x08000138   0x00000006   Code   RO         4097    .ARM.Collect$$rtentry$$00000004  c_p.l(__rtentry4.o)
    0x0800013e   0x0800013e   0x00000000   Code   RO         4087    .ARM.Collect$$rtentry$$00000009  c_p.l(__rtentry2.o)
    0x0800013e   0x0800013e   0x00000004   Code   RO         4088    .ARM.Collect$$rtentry$$0000000A  c_p.l(__rtentry2.o)
    0x08000142   0x08000142   0x00000000   Code   RO         4090    .ARM.Collect$$rtentry$$0000000C  c_p.l(__rtentry2.o)
    0x08000142   0x08000142   0x00000008   Code   RO         4091    .ARM.Collect$$rtentry$$0000000D  c_p.l(__rtentry2.o)
    0x0800014a   0x0800014a   0x00000002   Code   RO         4139    .ARM.Collect$$rtexit$$00000000  c_p.l(rtexit.o)
    0x0800014c   0x0800014c   0x00000000   Code   RO         4195    .ARM.Collect$$rtexit$$00000002  c_p.l(rtexit2.o)
    0x0800014c   0x0800014c   0x00000004   Code   RO         4196    .ARM.Collect$$rtexit$$00000003  c_p.l(rtexit2.o)
    0x08000150   0x08000150   0x00000006   Code   RO         4197    .ARM.Collect$$rtexit$$00000004  c_p.l(rtexit2.o)
    0x08000156   0x08000156   0x00000002   PAD
    0x08000158   0x08000158   0x00000038   Code   RO            4    .text               startup_stm32f030x8.o
    0x08000190   0x08000190   0x00000102   Code   RO         3981    .text               c_p.l(lludiv.o)
    0x08000292   0x08000292   0x00000040   Code   RO         3983    .text               c_p.l(rt_memclr.o)
    0x080002d2   0x080002d2   0x00000022   Code   RO         3985    .text               c_p.l(uread4.o)
    0x080002f4   0x080002f4   0x00000010   Code   RO         3987    .text               c_p.l(uwrite4.o)
    0x08000304   0x08000304   0x0000015a   Code   RO         3989    .text               c_p.l(aeabi_sdiv.o)
    0x0800045e   0x0800045e   0x00000006   Code   RO         3993    .text               c_p.l(heapauxi.o)
    0x08000464   0x08000464   0x0000007c   Code   RO         3997    .text               fz_ps.l(d2f.o)
    0x080004e0   0x080004e0   0x00000358   Code   RO         3999    .text               fz_ps.l(daddsub.o)
    0x08000838   0x08000838   0x00000448   Code   RO         4001    .text               fz_ps.l(ddiv.o)
    0x08000c80   0x08000c80   0x00000054   Code   RO         4004    .text               fz_ps.l(f2d.o)
    0x08000cd4   0x08000cd4   0x00000160   Code   RO         4012    .text               fz_ps.l(fdiv.o)
    0x08000e34   0x08000e34   0x00000030   Code   RO         4015    .text               fz_ps.l(ffixui.o)
    0x08000e64   0x08000e64   0x0000005e   Code   RO         4017    .text               fz_ps.l(fflti.o)
    0x08000ec2   0x08000ec2   0x00000016   Code   RO         4044    .text               c_p.l(_rserrno.o)
    0x08000ed8   0x08000ed8   0x00000058   Code   RO         4046    .text               fz_ps.l(dflti.o)
    0x08000f30   0x08000f30   0x00000248   Code   RO         4048    .text               fz_ps.l(dmul.o)
    0x08001178   0x08001178   0x00000060   Code   RO         4052    .text               fz_ps.l(dscalbn.o)
    0x080011d8   0x080011d8   0x00000064   Code   RO         4054    .text               fz_ps.l(fcmpin.o)
    0x0800123c   0x0800123c   0x00000008   Code   RO         4104    .text               c_p.l(rt_errno_addr_intlibspace.o)
    0x08001244   0x08001244   0x0000002e   Code   RO         4106    .text               fz_ps.l(cmpret.o)
    0x08001272   0x08001272   0x00000002   PAD
    0x08001274   0x08001274   0x00000090   Code   RO         4108    .text               fz_ps.l(dcmpin.o)
    0x08001304   0x08001304   0x00000100   Code   RO         4112    .text               fz_ps.l(dsqrt.o)
    0x08001404   0x08001404   0x00000010   Code   RO         4114    .text               fz_ps.l(fnan2.o)
    0x08001414   0x08001414   0x00000008   Code   RO         4116    .text               c_p.l(libspace.o)
    0x0800141c   0x0800141c   0x0000003e   Code   RO         4119    .text               c_p.l(sys_stackheap_outer.o)
    0x0800145a   0x0800145a   0x00000010   Code   RO         4122    .text               c_p.l(exit.o)
    0x0800146a   0x0800146a   0x00000002   PAD
    0x0800146c   0x0800146c   0x00000014   Code   RO         4134    .text               fz_ps.l(dnan2.o)
    0x08001480   0x08001480   0x0000005e   Code   RO         4136    .text               fz_ps.l(retnan.o)
    0x080014de   0x080014de   0x00000002   PAD
    0x080014e0   0x080014e0   0x0000000c   Code   RO         4192    .text               c_p.l(sys_exit.o)
    0x080014ec   0x080014ec   0x00000002   Code   RO         4211    .text               c_p.l(use_no_semi.o)
    0x080014ee   0x080014ee   0x00000000   Code   RO         4213    .text               c_p.l(indicate_semi.o)
    0x080014ee   0x080014ee   0x0000002a   Code   RO         3754    i.AD7190_ChannelSelect  ad7190.o
    0x08001518   0x08001518   0x0000007a   Code   RO         3756    i.AD7190_GetRegisterValue  ad7190.o
    0x08001592   0x08001592   0x00000002   PAD
    0x08001594   0x08001594   0x00000030   Code   RO         3757    i.AD7190_Init       ad7190.o
    0x080015c4   0x080015c4   0x0000002a   Code   RO         3758    i.AD7190_RangeSetup  ad7190.o
    0x080015ee   0x080015ee   0x00000020   Code   RO         3759    i.AD7190_Reset      ad7190.o
    0x0800160e   0x0800160e   0x00000050   Code   RO         3762    i.AD7190_SetRegisterValue  ad7190.o
    0x0800165e   0x0800165e   0x00000002   PAD
    0x08001660   0x08001660   0x00000208   Code   RO         3766    i.Ad7190_Handler    ad7190.o
    0x08001868   0x08001868   0x0000000e   Code   RO         3934    i.Checksum          serial.o
    0x08001876   0x08001876   0x0000000c   Code   RO          365    i.EXTI4_15_IRQHandler  stm32f0xx_it.o
    0x08001882   0x08001882   0x00000004   Code   RO           12    i.Error_Handler     main.o
    0x08001886   0x08001886   0x0000001e   Code   RO         3767    i.GetInput          ad7190.o
    0x080018a4   0x080018a4   0x00000040   Code   RO         1644    i.HAL_DMA_Abort     stm32f0xx_hal_dma.o
    0x080018e4   0x080018e4   0x00000048   Code   RO         1645    i.HAL_DMA_Abort_IT  stm32f0xx_hal_dma.o
    0x0800192c   0x0800192c   0x00000024   Code   RO          931    i.HAL_Delay         stm32f0xx_hal.o
    0x08001950   0x08001950   0x00000030   Code   RO         3878    i.HAL_GPIO_EXTI_Callback  tempraturecontroller.o
    0x08001980   0x08001980   0x00000018   Code   RO         1582    i.HAL_GPIO_EXTI_IRQHandler  stm32f0xx_hal_gpio.o
    0x08001998   0x08001998   0x000001a4   Code   RO         1583    i.HAL_GPIO_Init     stm32f0xx_hal_gpio.o
    0x08001b3c   0x08001b3c   0x0000000a   Code   RO         1585    i.HAL_GPIO_ReadPin  stm32f0xx_hal_gpio.o
    0x08001b46   0x08001b46   0x0000000c   Code   RO         1587    i.HAL_GPIO_WritePin  stm32f0xx_hal_gpio.o
    0x08001b52   0x08001b52   0x00000002   PAD
    0x08001b54   0x08001b54   0x0000000c   Code   RO          935    i.HAL_GetTick       stm32f0xx_hal.o
    0x08001b60   0x08001b60   0x00000010   Code   RO          941    i.HAL_IncTick       stm32f0xx_hal.o
    0x08001b70   0x08001b70   0x00000020   Code   RO          942    i.HAL_Init          stm32f0xx_hal.o
    0x08001b90   0x08001b90   0x00000044   Code   RO          943    i.HAL_InitTick      stm32f0xx_hal.o
    0x08001bd4   0x08001bd4   0x00000028   Code   RO          437    i.HAL_MspInit       stm32f0xx_hal_msp.o
    0x08001bfc   0x08001bfc   0x00000020   Code   RO         1741    i.HAL_NVIC_DisableIRQ  stm32f0xx_hal_cortex.o
    0x08001c1c   0x08001c1c   0x00000018   Code   RO         1742    i.HAL_NVIC_EnableIRQ  stm32f0xx_hal_cortex.o
    0x08001c34   0x08001c34   0x00000008   Code   RO         1746    i.HAL_NVIC_SetPriority  stm32f0xx_hal_cortex.o
    0x08001c3c   0x08001c3c   0x000000e8   Code   RO          896    i.HAL_RCCEx_PeriphCLKConfig  stm32f0xx_hal_rcc_ex.o
    0x08001d24   0x08001d24   0x00000108   Code   RO          801    i.HAL_RCC_ClockConfig  stm32f0xx_hal_rcc.o
    0x08001e2c   0x08001e2c   0x00000020   Code   RO          808    i.HAL_RCC_GetPCLK1Freq  stm32f0xx_hal_rcc.o
    0x08001e4c   0x08001e4c   0x00000084   Code   RO          809    i.HAL_RCC_GetSysClockFreq  stm32f0xx_hal_rcc.o
    0x08001ed0   0x08001ed0   0x00000388   Code   RO          812    i.HAL_RCC_OscConfig  stm32f0xx_hal_rcc.o
    0x08002258   0x08002258   0x000000ee   Code   RO          468    i.HAL_SPI_Init      stm32f0xx_hal_spi.o
    0x08002346   0x08002346   0x00000002   PAD
    0x08002348   0x08002348   0x00000060   Code   RO          234    i.HAL_SPI_MspInit   spi.o
    0x080023a8   0x080023a8   0x00000168   Code   RO          471    i.HAL_SPI_Receive   stm32f0xx_hal_spi.o
    0x08002510   0x08002510   0x00000160   Code   RO          476    i.HAL_SPI_Transmit  stm32f0xx_hal_spi.o
    0x08002670   0x08002670   0x000001f2   Code   RO          477    i.HAL_SPI_TransmitReceive  stm32f0xx_hal_spi.o
    0x08002862   0x08002862   0x00000002   PAD
    0x08002864   0x08002864   0x00000030   Code   RO         1750    i.HAL_SYSTICK_Config  stm32f0xx_hal_cortex.o
    0x08002894   0x08002894   0x00000002   Code   RO         2884    i.HAL_TIMEx_BreakCallback  stm32f0xx_hal_tim_ex.o
    0x08002896   0x08002896   0x00000002   Code   RO         2885    i.HAL_TIMEx_CommutCallback  stm32f0xx_hal_tim_ex.o
    0x08002898   0x08002898   0x0000005c   Code   RO         2903    i.HAL_TIMEx_MasterConfigSynchronization  stm32f0xx_hal_tim_ex.o
    0x080028f4   0x080028f4   0x00000048   Code   RO         2184    i.HAL_TIM_Base_Init  stm32f0xx_hal_tim.o
    0x0800293c   0x0800293c   0x00000074   Code   RO          272    i.HAL_TIM_Base_MspInit  tim.o
    0x080029b0   0x080029b0   0x00000050   Code   RO         2189    i.HAL_TIM_Base_Start_IT  stm32f0xx_hal_tim.o
    0x08002a00   0x08002a00   0x00000034   Code   RO         2192    i.HAL_TIM_Base_Stop_IT  stm32f0xx_hal_tim.o
    0x08002a34   0x08002a34   0x000000dc   Code   RO         2193    i.HAL_TIM_ConfigClockSource  stm32f0xx_hal_tim.o
    0x08002b10   0x08002b10   0x00000002   Code   RO         2218    i.HAL_TIM_IC_CaptureCallback  stm32f0xx_hal_tim.o
    0x08002b12   0x08002b12   0x00000162   Code   RO         2232    i.HAL_TIM_IRQHandler  stm32f0xx_hal_tim.o
    0x08002c74   0x08002c74   0x00000050   Code   RO          273    i.HAL_TIM_MspPostInit  tim.o
    0x08002cc4   0x08002cc4   0x00000002   Code   RO         2235    i.HAL_TIM_OC_DelayElapsedCallback  stm32f0xx_hal_tim.o
    0x08002cc6   0x08002cc6   0x000000d0   Code   RO         2256    i.HAL_TIM_PWM_ConfigChannel  stm32f0xx_hal_tim.o
    0x08002d96   0x08002d96   0x00000048   Code   RO         2259    i.HAL_TIM_PWM_Init  stm32f0xx_hal_tim.o
    0x08002dde   0x08002dde   0x00000002   Code   RO         2261    i.HAL_TIM_PWM_MspInit  stm32f0xx_hal_tim.o
    0x08002de0   0x08002de0   0x00000002   Code   RO         2262    i.HAL_TIM_PWM_PulseFinishedCallback  stm32f0xx_hal_tim.o
    0x08002de2   0x08002de2   0x00000002   PAD
    0x08002de4   0x08002de4   0x000000a8   Code   RO         2264    i.HAL_TIM_PWM_Start  stm32f0xx_hal_tim.o
    0x08002e8c   0x08002e8c   0x00000068   Code   RO         3879    i.HAL_TIM_PeriodElapsedCallback  tempraturecontroller.o
    0x08002ef4   0x08002ef4   0x00000002   Code   RO         2275    i.HAL_TIM_TriggerCallback  stm32f0xx_hal_tim.o
    0x08002ef6   0x08002ef6   0x00000002   Code   RO         3154    i.HAL_UARTEx_RxEventCallback  stm32f0xx_hal_uart.o
    0x08002ef8   0x08002ef8   0x00000002   Code   RO         3170    i.HAL_UART_ErrorCallback  stm32f0xx_hal_uart.o
    0x08002efa   0x08002efa   0x00000002   PAD
    0x08002efc   0x08002efc   0x0000028c   Code   RO         3173    i.HAL_UART_IRQHandler  stm32f0xx_hal_uart.o
    0x08003188   0x08003188   0x0000006a   Code   RO         3174    i.HAL_UART_Init     stm32f0xx_hal_uart.o
    0x080031f2   0x080031f2   0x00000002   PAD
    0x080031f4   0x080031f4   0x00000074   Code   RO          328    i.HAL_UART_MspInit  usart.o
    0x08003268   0x08003268   0x00000064   Code   RO         3179    i.HAL_UART_Receive_IT  stm32f0xx_hal_uart.o
    0x080032cc   0x080032cc   0x00000040   Code   RO         3935    i.HAL_UART_RxCpltCallback  serial.o
    0x0800330c   0x0800330c   0x000000d2   Code   RO         3183    i.HAL_UART_Transmit  stm32f0xx_hal_uart.o
    0x080033de   0x080033de   0x00000002   Code   RO         3186    i.HAL_UART_TxCpltCallback  stm32f0xx_hal_uart.o
    0x080033e0   0x080033e0   0x00000002   Code   RO          366    i.HardFault_Handler  stm32f0xx_it.o
    0x080033e2   0x080033e2   0x00000002   PAD
    0x080033e4   0x080033e4   0x00000044   Code   RO         3652    i.Jack_Init         jack.o
    0x08003428   0x08003428   0x00000100   Code   RO          209    i.MX_GPIO_Init      gpio.o
    0x08003528   0x08003528   0x0000004c   Code   RO          235    i.MX_SPI1_Init      spi.o
    0x08003574   0x08003574   0x00000034   Code   RO          274    i.MX_TIM14_Init     tim.o
    0x080035a8   0x080035a8   0x000000ac   Code   RO          275    i.MX_TIM3_Init      tim.o
    0x08003654   0x08003654   0x00000030   Code   RO          276    i.MX_TIM6_Init      tim.o
    0x08003684   0x08003684   0x00000038   Code   RO          329    i.MX_USART1_UART_Init  usart.o
    0x080036bc   0x080036bc   0x00000002   Code   RO          367    i.NMI_Handler       stm32f0xx_it.o
    0x080036be   0x080036be   0x00000002   Code   RO          368    i.PendSV_Handler    stm32f0xx_it.o
    0x080036c0   0x080036c0   0x0000003c   Code   RO         3688    i.Pump_Handler      pump.o
    0x080036fc   0x080036fc   0x0000001c   Code   RO         3689    i.Pump_Relay_Init   pump.o
    0x08003718   0x08003718   0x00000078   Code   RO          505    i.SPI_EndRxTransaction  stm32f0xx_hal_spi.o
    0x08003790   0x08003790   0x0000004c   Code   RO          506    i.SPI_EndRxTxTransaction  stm32f0xx_hal_spi.o
    0x080037dc   0x080037dc   0x00000018   Code   RO         3768    i.SPI_Read          ad7190.o
    0x080037f4   0x080037f4   0x000000d8   Code   RO          511    i.SPI_WaitFifoStateUntilTimeout  stm32f0xx_hal_spi.o
    0x080038cc   0x080038cc   0x000000b8   Code   RO          512    i.SPI_WaitFlagStateUntilTimeout  stm32f0xx_hal_spi.o
    0x08003984   0x08003984   0x00000018   Code   RO         3769    i.SPI_Write         ad7190.o
    0x0800399c   0x0800399c   0x00000002   Code   RO          369    i.SVC_Handler       stm32f0xx_it.o
    0x0800399e   0x0800399e   0x00000002   PAD
    0x080039a0   0x080039a0   0x0000001c   Code   RO         3720    i.Solenoid_init     solenoid.o
    0x080039bc   0x080039bc   0x0000011c   Code   RO         3721    i.SonolOid_Handler  solenoid.o
    0x08003ad8   0x08003ad8   0x00000008   Code   RO          370    i.SysTick_Handler   stm32f0xx_it.o
    0x08003ae0   0x08003ae0   0x00000074   Code   RO           13    i.SystemClock_Config  main.o
    0x08003b54   0x08003b54   0x00000002   Code   RO         3571    i.SystemInit        system_stm32f0xx.o
    0x08003b56   0x08003b56   0x00000002   PAD
    0x08003b58   0x08003b58   0x00000010   Code   RO          371    i.TIM14_IRQHandler  stm32f0xx_it.o
    0x08003b68   0x08003b68   0x00000010   Code   RO          372    i.TIM6_IRQHandler   stm32f0xx_it.o
    0x08003b78   0x08003b78   0x00000088   Code   RO         2277    i.TIM_Base_SetConfig  stm32f0xx_hal_tim.o
    0x08003c00   0x08003c00   0x0000001a   Code   RO         2278    i.TIM_CCxChannelCmd  stm32f0xx_hal_tim.o
    0x08003c1a   0x08003c1a   0x00000016   Code   RO         2288    i.TIM_ETR_SetConfig  stm32f0xx_hal_tim.o
    0x08003c30   0x08003c30   0x00000010   Code   RO         2289    i.TIM_ITRx_SetConfig  stm32f0xx_hal_tim.o
    0x08003c40   0x08003c40   0x00000088   Code   RO         2290    i.TIM_OC1_SetConfig  stm32f0xx_hal_tim.o
    0x08003cc8   0x08003cc8   0x00000080   Code   RO         2291    i.TIM_OC2_SetConfig  stm32f0xx_hal_tim.o
    0x08003d48   0x08003d48   0x00000084   Code   RO         2292    i.TIM_OC3_SetConfig  stm32f0xx_hal_tim.o
    0x08003dcc   0x08003dcc   0x0000006c   Code   RO         2293    i.TIM_OC4_SetConfig  stm32f0xx_hal_tim.o
    0x08003e38   0x08003e38   0x00000022   Code   RO         2295    i.TIM_TI1_ConfigInputStage  stm32f0xx_hal_tim.o
    0x08003e5a   0x08003e5a   0x00000026   Code   RO         2297    i.TIM_TI2_ConfigInputStage  stm32f0xx_hal_tim.o
    0x08003e80   0x08003e80   0x00000058   Code   RO         3880    i.TempratureControllerCalc  tempraturecontroller.o
    0x08003ed8   0x08003ed8   0x000001a8   Code   RO         3881    i.Temprature_handler  tempraturecontroller.o
    0x08004080   0x08004080   0x00000048   Code   RO         3882    i.TimerHeaterInit   tempraturecontroller.o
    0x080040c8   0x080040c8   0x000000ca   Code   RO         3188    i.UART_AdvFeatureConfig  stm32f0xx_hal_uart.o
    0x08004192   0x08004192   0x00000002   PAD
    0x08004194   0x08004194   0x00000064   Code   RO         3189    i.UART_CheckIdleState  stm32f0xx_hal_uart.o
    0x080041f8   0x080041f8   0x00000014   Code   RO         3190    i.UART_DMAAbortOnError  stm32f0xx_hal_uart.o
    0x0800420c   0x0800420c   0x0000005e   Code   RO         3200    i.UART_EndRxTransfer  stm32f0xx_hal_uart.o
    0x0800426a   0x0800426a   0x000000a8   Code   RO         3202    i.UART_RxISR_16BIT  stm32f0xx_hal_uart.o
    0x08004312   0x08004312   0x000000a8   Code   RO         3203    i.UART_RxISR_8BIT   stm32f0xx_hal_uart.o
    0x080043ba   0x080043ba   0x00000002   PAD
    0x080043bc   0x080043bc   0x00000134   Code   RO         3204    i.UART_SetConfig    stm32f0xx_hal_uart.o
    0x080044f0   0x080044f0   0x0000009c   Code   RO         3206    i.UART_Start_Receive_IT  stm32f0xx_hal_uart.o
    0x0800458c   0x0800458c   0x000000d4   Code   RO         3209    i.UART_WaitOnFlagUntilTimeout  stm32f0xx_hal_uart.o
    0x08004660   0x08004660   0x00000010   Code   RO          373    i.USART1_IRQHandler  stm32f0xx_it.o
    0x08004670   0x08004670   0x0000003c   Code   RO         3604    i.Vaccum_Handler    vaccum.o
    0x080046ac   0x080046ac   0x00000018   Code   RO         3605    i.Vaccum_Relay_Init  vaccum.o
    0x080046c4   0x080046c4   0x00000030   Code   RO          886    i.__ARM_common_ll_muluu  stm32f0xx_hal_rcc.o
    0x080046f4   0x080046f4   0x0000001a   Code   RO         1733    i.__ARM_common_switch8  stm32f0xx_hal_dma.o
    0x0800470e   0x0800470e   0x00000002   PAD
    0x08004710   0x08004710   0x0000002c   Code   RO         4071    i.__ARM_fpclassify  m_ps.l(fpclassify.o)
    0x0800473c   0x0800473c   0x00000044   Code   RO         1752    i.__NVIC_SetPriority  stm32f0xx_hal_cortex.o
    0x08004780   0x08004780   0x000000ac   Code   RO         4073    i.__kernel_poly     m_ps.l(poly.o)
    0x0800482c   0x0800482c   0x00000014   Code   RO         4057    i.__mathlib_dbl_divzero  m_ps.l(dunder.o)
    0x08004840   0x08004840   0x00000008   Code   RO         4059    i.__mathlib_dbl_infnan2  m_ps.l(dunder.o)
    0x08004848   0x08004848   0x00000010   Code   RO         4060    i.__mathlib_dbl_invalid  m_ps.l(dunder.o)
    0x08004858   0x08004858   0x00000014   Code   RO         4061    i.__mathlib_dbl_overflow  m_ps.l(dunder.o)
    0x0800486c   0x0800486c   0x00000014   Code   RO         4063    i.__mathlib_dbl_underflow  m_ps.l(dunder.o)
    0x08004880   0x08004880   0x000000b0   Code   RO         3653    i.jack_handler      jack.o
    0x08004930   0x08004930   0x00000078   Code   RO           14    i.main              main.o
    0x080049a8   0x080049a8   0x000009fc   Code   RO         4026    i.pow               m_ps.l(pow.o)
    0x080053a4   0x080053a4   0x000000d0   Code   RO         3770    i.sensor_init       ad7190.o
    0x08005474   0x08005474   0x000001b0   Code   RO         3936    i.serial_handler    serial.o
    0x08005624   0x08005624   0x00000060   Code   RO         3937    i.serial_init       serial.o
    0x08005684   0x08005684   0x00000048   Code   RO         4077    i.sqrt              m_ps.l(sqrt.o)
    0x080056cc   0x080056cc   0x0000004c   Code   RO         3883    i.systemTempratureControllerInit  tempraturecontroller.o
    0x08005718   0x08005718   0x00000068   Code   RO         4050    x$fpl$drleqf        fz_ps.l(drlef.o)
    0x08005780   0x08005780   0x0000008c   Code   RO         4006    x$fpl$fadd          fz_ps.l(faddsub.o)
    0x0800580c   0x0800580c   0x00000054   Code   RO         4019    x$fpl$fleqf         fz_ps.l(flef.o)
    0x08005860   0x08005860   0x000000b0   Code   RO         4021    x$fpl$fmul          fz_ps.l(fmul.o)
    0x08005910   0x08005910   0x00000058   Code   RO         4023    x$fpl$frleqf        fz_ps.l(frlef.o)
    0x08005968   0x08005968   0x00000018   Code   RO         4007    x$fpl$frsb          fz_ps.l(faddsub.o)
    0x08005980   0x08005980   0x000000d0   Code   RO         4008    x$fpl$fsub          fz_ps.l(faddsub.o)
    0x08005a50   0x08005a50   0x00000000   Code   RO         4056    x$fpl$usenofp       fz_ps.l(usenofp.o)
    0x08005a50   0x08005a50   0x00000010   Data   RO         3572    .constdata          system_stm32f0xx.o
    0x08005a60   0x08005a60   0x00000008   Data   RO         3573    .constdata          system_stm32f0xx.o
    0x08005a68   0x08005a68   0x00000080   Data   RO         4002    .constdata          fz_ps.l(ddiv.o)
    0x08005ae8   0x08005ae8   0x00000040   Data   RO         4013    .constdata          fz_ps.l(fdiv.o)
    0x08005b28   0x08005b28   0x00000088   Data   RO         4027    .constdata          m_ps.l(pow.o)
    0x08005bb0   0x08005bb0   0x00000008   Data   RO         4075    .constdata          m_ps.l(qnan.o)
    0x08005bb8   0x08005bb8   0x00000020   Data   RO         4263    Region$$Table       anon$$obj.o


    Execution Region RW_IRAM1 (Exec base: 0x20000000, Load base: 0x08005bd8, Size: 0x00000aa8, Max: 0x00002000, ABSOLUTE)

    Exec Addr    Load Addr    Size         Type   Attr      Idx    E Section Name        Object

    0x20000000   0x08005bd8   0x00000001   Data   RW           15    .data               main.o
    0x20000001   0x08005bd9   0x00000003   PAD
    0x20000004   0x08005bdc   0x0000000c   Data   RW          949    .data               stm32f0xx_hal.o
    0x20000010   0x08005be8   0x00000004   Data   RW         3574    .data               system_stm32f0xx.o
    0x20000014   0x08005bec   0x00000008   Data   RW         3723    .data               solenoid.o
    0x2000001c   0x08005bf4   0x00000001   Data   RW         3772    .data               ad7190.o
    0x2000001d   0x08005bf5   0x00000001   Data   RW         3939    .data               serial.o
    0x2000001e   0x08005bf6   0x00000002   PAD
    0x20000020        -       0x00000064   Zero   RW          236    .bss                spi.o
    0x20000084        -       0x000000d8   Zero   RW          277    .bss                tim.o
    0x2000015c        -       0x00000084   Zero   RW          330    .bss                usart.o
    0x200001e0        -       0x00000010   Zero   RW         3606    .bss                vaccum.o
    0x200001f0        -       0x00000044   Zero   RW         3654    .bss                jack.o
    0x20000234        -       0x00000010   Zero   RW         3690    .bss                pump.o
    0x20000244        -       0x00000018   Zero   RW         3722    .bss                solenoid.o
    0x2000025c        -       0x00000098   Zero   RW         3771    .bss                ad7190.o
    0x200002f4        -       0x00000090   Zero   RW         3884    .bss                tempraturecontroller.o
    0x20000384        -       0x000000c4   Zero   RW         3938    .bss                serial.o
    0x20000448        -       0x00000060   Zero   RW         4117    .bss                c_p.l(libspace.o)
    0x200004a8        -       0x00000200   Zero   RW            2    HEAP                startup_stm32f030x8.o
    0x200006a8        -       0x00000400   Zero   RW            1    STACK               startup_stm32f030x8.o


==============================================================================

Image component sizes


      Code (inc. data)   RO Data    RW Data    ZI Data      Debug   Object Name

      1172         50          0          1        152      10979   ad7190.o
       256         26          0          0          0       2576   gpio.o
       244         34          0          0         68       1846   jack.o
       240          8          0          1          0     284353   main.o
        88         20          0          0         16       1395   pump.o
       606         78          0          1        196       4393   serial.o
       312         44          0          8         24       1909   solenoid.o
       172         22          0          0        100       1585   spi.o
        56         26        180          0       1536        628   startup_stm32f030x8.o
       164         30          0         12          0       7829   stm32f0xx_hal.o
       180         30          0          0          0      10915   stm32f0xx_hal_cortex.o
       162          0          0          0          0       1787   stm32f0xx_hal_dma.o
       466         30          0          0          0       3290   stm32f0xx_hal_gpio.o
        40          6          0          0          0        806   stm32f0xx_hal_msp.o
      1380         92          0          0          0       4649   stm32f0xx_hal_rcc.o
       232         14          0          0          0       1344   stm32f0xx_hal_rcc_ex.o
      2044          8          0          0          0      10114   stm32f0xx_hal_spi.o
      2012        132          0          0          0      16193   stm32f0xx_hal_tim.o
        96         14          0          0          0       2317   stm32f0xx_hal_tim_ex.o
      2502         58          0          0          0      20273   stm32f0xx_hal_uart.o
        76         18          0          0          0       3874   stm32f0xx_it.o
         2          0         24          4          0       1087   system_stm32f0xx.o
       812         82          0          0        144       5409   tempraturecontroller.o
       468         64          0          0        216       3344   tim.o
       172         18          0          0        132       1606   usart.o
        84         20          0          0         16       1457   vaccum.o

    ----------------------------------------------------------------------
     14066        924        236         32       2600     405958   Object Totals
         0          0         32          0          0          0   (incl. Generated)
        28          0          0          5          0          0   (incl. Padding)

    ----------------------------------------------------------------------

      Code (inc. data)   RO Data    RW Data    ZI Data      Debug   Library Member Name

         8          0          0          0          0         68   __main.o
         0          0          0          0          0          0   __rtentry.o
        12          0          0          0          0          0   __rtentry2.o
         6          0          0          0          0          0   __rtentry4.o
        60          8          0          0          0          0   __scatter.o
        26          0          0          0          0          0   __scatter_copy.o
        28          0          0          0          0          0   __scatter_zi.o
        22          0          0          0          0         92   _rserrno.o
       346          0          0          0          0         92   aeabi_sdiv.o
        16          0          0          0          0         68   exit.o
         6          0          0          0          0        136   heapauxi.o
         0          0          0          0          0          0   indicate_semi.o
         2          0          0          0          0          0   libinit.o
         2          0          0          0          0          0   libinit2.o
         2          0          0          0          0          0   libshutdown.o
         2          0          0          0          0          0   libshutdown2.o
         8          4          0          0         96         68   libspace.o
       258          0          0          0          0         88   lludiv.o
         8          4          0          0          0         68   rt_errno_addr_intlibspace.o
        64          0          0          0          0        108   rt_memclr.o
         2          0          0          0          0          0   rtexit.o
        10          0          0          0          0          0   rtexit2.o
        12          4          0          0          0         60   sys_exit.o
        62          0          0          0          0         80   sys_stackheap_outer.o
        34          0          0          0          0         60   uread4.o
         2          0          0          0          0         68   use_no_semi.o
        16          0          0          0          0         60   uwrite4.o
        46          0          0          0          0         60   cmpret.o
       124          4          0          0          0         72   d2f.o
       856         20          0          0          0        208   daddsub.o
       144          4          0          0          0         76   dcmpin.o
      1096         26        128          0          0        112   ddiv.o
        88          0          0          0          0         92   dflti.o
       584         26          0          0          0         84   dmul.o
        20          6          0          0          0         68   dnan2.o
       104          4          0          0          0        104   drlef.o
        96         12          0          0          0         72   dscalbn.o
       256          8          0          0          0         76   dsqrt.o
        84          4          0          0          0         60   f2d.o
       372          8          0          0          0        240   faddsub.o
       100          4          0          0          0         68   fcmpin.o
       352         10         64          0          0         92   fdiv.o
        48          0          0          0          0         60   ffixui.o
        94          0          0          0          0         92   fflti.o
        84          4          0          0          0         76   flef.o
       176          4          0          0          0         80   fmul.o
        16          6          0          0          0         68   fnan2.o
        88          4          0          0          0         76   frlef.o
        94          0          0          0          0         68   retnan.o
         0          0          0          0          0          0   usenofp.o
        84         14          0          0          0        340   dunder.o
        44          4          0          0          0         60   fpclassify.o
       172          0          0          0          0         76   poly.o
      2556        196        136          0          0        240   pow.o
         0          0          8          0          0          0   qnan.o
        72          6          0          0          0         76   sqrt.o

    ----------------------------------------------------------------------
      8874        394        336          0         96       3912   Library Totals
        10          0          0          0          0          0   (incl. Padding)

    ----------------------------------------------------------------------

      Code (inc. data)   RO Data    RW Data    ZI Data      Debug   Library Name

      1014         20          0          0         96       1116   c_p.l
      4922        154        192          0          0       2004   fz_ps.l
      2928        220        144          0          0        792   m_ps.l

    ----------------------------------------------------------------------
      8874        394        336          0         96       3912   Library Totals

    ----------------------------------------------------------------------

==============================================================================


      Code (inc. data)   RO Data    RW Data    ZI Data      Debug   

     22940       1318        572         32       2696     402534   Grand Totals
     22940       1318        572         32       2696     402534   ELF Image Totals
     22940       1318        572         32          0          0   ROM Totals

==============================================================================

    Total RO  Size (Code + RO Data)                23512 (  22.96kB)
    Total RW  Size (RW Data + ZI Data)              2728 (   2.66kB)
    Total ROM Size (Code + RO Data + RW Data)      23544 (  22.99kB)

==============================================================================

